Archive member included to satisfy reference by file (symbol)

/home/icdu/opt/gcc-arm-none-eabi-6-2017-q2-update/bin/../lib/gcc/arm-none-eabi/6.3.1/../../../../arm-none-eabi/lib/thumb/v7-m/libc_nano.a(lib_a-exit.o)
                              /home/icdu/opt/gcc-arm-none-eabi-6-2017-q2-update/bin/../lib/gcc/arm-none-eabi/6.3.1/../../../../arm-none-eabi/lib/thumb/v7-m/crt0.o (exit)
/home/icdu/opt/gcc-arm-none-eabi-6-2017-q2-update/bin/../lib/gcc/arm-none-eabi/6.3.1/../../../../arm-none-eabi/lib/thumb/v7-m/libc_nano.a(lib_a-impure.o)
                              /home/icdu/opt/gcc-arm-none-eabi-6-2017-q2-update/bin/../lib/gcc/arm-none-eabi/6.3.1/../../../../arm-none-eabi/lib/thumb/v7-m/libc_nano.a(lib_a-exit.o) (_global_impure_ptr)
/home/icdu/opt/gcc-arm-none-eabi-6-2017-q2-update/bin/../lib/gcc/arm-none-eabi/6.3.1/../../../../arm-none-eabi/lib/thumb/v7-m/libc_nano.a(lib_a-init.o)
                              /home/icdu/opt/gcc-arm-none-eabi-6-2017-q2-update/bin/../lib/gcc/arm-none-eabi/6.3.1/../../../../arm-none-eabi/lib/thumb/v7-m/crt0.o (__libc_init_array)
/home/icdu/opt/gcc-arm-none-eabi-6-2017-q2-update/bin/../lib/gcc/arm-none-eabi/6.3.1/../../../../arm-none-eabi/lib/thumb/v7-m/libc_nano.a(lib_a-memset.o)
                              /home/icdu/opt/gcc-arm-none-eabi-6-2017-q2-update/bin/../lib/gcc/arm-none-eabi/6.3.1/../../../../arm-none-eabi/lib/thumb/v7-m/crt0.o (memset)
/home/icdu/opt/gcc-arm-none-eabi-6-2017-q2-update/bin/../lib/gcc/arm-none-eabi/6.3.1/../../../../arm-none-eabi/lib/thumb/v7-m/libnosys.a(_exit.o)
                              /home/icdu/opt/gcc-arm-none-eabi-6-2017-q2-update/bin/../lib/gcc/arm-none-eabi/6.3.1/../../../../arm-none-eabi/lib/thumb/v7-m/libc_nano.a(lib_a-exit.o) (_exit)

Allocating common symbols
Common symbol       size              file

hUsbDeviceFS        0x224             build/usb_device.o
uwTick              0x4               build/stm32f1xx_hal.o
pFlash              0x20              build/stm32f1xx_hal_flash.o
UserRxBufferFS      0x800             build/usbd_cdc_if.o
UserTxBufferFS      0x800             build/usbd_cdc_if.o
hpcd_USB_FS         0x460             build/usbd_conf.o
USBD_StrDesc        0x200             build/usbd_desc.o

Discarded input sections

 .text          0x0000000000000000        0x0 /home/icdu/opt/gcc-arm-none-eabi-6-2017-q2-update/bin/../lib/gcc/arm-none-eabi/6.3.1/thumb/v7-m/crti.o
 .data          0x0000000000000000        0x0 /home/icdu/opt/gcc-arm-none-eabi-6-2017-q2-update/bin/../lib/gcc/arm-none-eabi/6.3.1/thumb/v7-m/crti.o
 .bss           0x0000000000000000        0x0 /home/icdu/opt/gcc-arm-none-eabi-6-2017-q2-update/bin/../lib/gcc/arm-none-eabi/6.3.1/thumb/v7-m/crti.o
 .data          0x0000000000000000        0x4 /home/icdu/opt/gcc-arm-none-eabi-6-2017-q2-update/bin/../lib/gcc/arm-none-eabi/6.3.1/thumb/v7-m/crtbegin.o
 .text          0x0000000000000000       0x74 /home/icdu/opt/gcc-arm-none-eabi-6-2017-q2-update/bin/../lib/gcc/arm-none-eabi/6.3.1/../../../../arm-none-eabi/lib/thumb/v7-m/crt0.o
 .data          0x0000000000000000        0x0 /home/icdu/opt/gcc-arm-none-eabi-6-2017-q2-update/bin/../lib/gcc/arm-none-eabi/6.3.1/../../../../arm-none-eabi/lib/thumb/v7-m/crt0.o
 .bss           0x0000000000000000        0x0 /home/icdu/opt/gcc-arm-none-eabi-6-2017-q2-update/bin/../lib/gcc/arm-none-eabi/6.3.1/../../../../arm-none-eabi/lib/thumb/v7-m/crt0.o
 .ARM.extab     0x0000000000000000        0x0 /home/icdu/opt/gcc-arm-none-eabi-6-2017-q2-update/bin/../lib/gcc/arm-none-eabi/6.3.1/../../../../arm-none-eabi/lib/thumb/v7-m/crt0.o
 .ARM.exidx     0x0000000000000000        0x8 /home/icdu/opt/gcc-arm-none-eabi-6-2017-q2-update/bin/../lib/gcc/arm-none-eabi/6.3.1/../../../../arm-none-eabi/lib/thumb/v7-m/crt0.o
 .ARM.attributes
                0x0000000000000000       0x1b /home/icdu/opt/gcc-arm-none-eabi-6-2017-q2-update/bin/../lib/gcc/arm-none-eabi/6.3.1/../../../../arm-none-eabi/lib/thumb/v7-m/crt0.o
 .text          0x0000000000000000        0x0 build/stm32f1xx_it.o
 .data          0x0000000000000000        0x0 build/stm32f1xx_it.o
 .bss           0x0000000000000000        0x0 build/stm32f1xx_it.o
 .text          0x0000000000000000        0x0 build/usbd_desc.o
 .data          0x0000000000000000        0x0 build/usbd_desc.o
 .bss           0x0000000000000000        0x0 build/usbd_desc.o
 .text          0x0000000000000000        0x0 build/stm32f1xx_hal_flash_ex.o
 .data          0x0000000000000000        0x0 build/stm32f1xx_hal_flash_ex.o
 .bss           0x0000000000000000        0x0 build/stm32f1xx_hal_flash_ex.o
 .text.FLASH_MassErase
                0x0000000000000000       0x24 build/stm32f1xx_hal_flash_ex.o
 .text.FLASH_OB_GetWRP
                0x0000000000000000        0xc build/stm32f1xx_hal_flash_ex.o
 .text.FLASH_OB_GetRDP
                0x0000000000000000       0x18 build/stm32f1xx_hal_flash_ex.o
 .text.FLASH_OB_GetUser
                0x0000000000000000       0x10 build/stm32f1xx_hal_flash_ex.o
 .text.FLASH_OB_RDP_LevelConfig
[...]
Memory Configuration

Name             Origin             Length             Attributes
RAM              0x0000000020000000 0x0000000000005000 xrw
FLASH            0x0000000008000000 0x0000000000010000 xr
*default*        0x0000000000000000 0xffffffffffffffff

Linker script and memory map

LOAD /home/icdu/opt/gcc-arm-none-eabi-6-2017-q2-update/bin/../lib/gcc/arm-none-eabi/6.3.1/thumb/v7-m/crti.o
LOAD /home/icdu/opt/gcc-arm-none-eabi-6-2017-q2-update/bin/../lib/gcc/arm-none-eabi/6.3.1/thumb/v7-m/crtbegin.o
LOAD /home/icdu/opt/gcc-arm-none-eabi-6-2017-q2-update/bin/../lib/gcc/arm-none-eabi/6.3.1/../../../../arm-none-eabi/lib/thumb/v7-m/crt0.o
LOAD build/stm32f1xx_it.o
LOAD build/usbd_desc.o
LOAD build/stm32f1xx_hal_flash_ex.o
LOAD build/main.o
LOAD build/stm32f1xx_hal_pwr.o
LOAD build/usb_device.o
LOAD build/stm32f1xx_hal_tim_ex.o
LOAD build/stm32f1xx_hal_cortex.o
LOAD build/stm32f1xx_hal_rcc.o
LOAD build/stm32f1xx_hal_dma.o
LOAD build/stm32f1xx_ll_usb.o
LOAD build/usbd_core.o
LOAD build/usbd_ioreq.o
LOAD build/system_stm32f1xx.o
LOAD build/usbd_ctlreq.o
LOAD build/stm32f1xx_hal_pcd_ex.o
LOAD build/stm32f1xx_hal_gpio_ex.o
LOAD build/stm32f1xx_hal_tim.o
LOAD build/usbd_cdc.o
LOAD build/stm32f1xx_hal.o
LOAD build/usbd_cdc_if.o
LOAD build/stm32f1xx_hal_gpio.o
LOAD build/stm32f1xx_hal_rcc_ex.o
LOAD build/stm32f1xx_hal_pcd.o
LOAD build/stm32f1xx_hal_msp.o
LOAD build/stm32f1xx_hal_flash.o
LOAD build/usbd_conf.o
LOAD build/startup_stm32f103xb.o
LOAD /home/icdu/opt/gcc-arm-none-eabi-6-2017-q2-update/bin/../lib/gcc/arm-none-eabi/6.3.1/../../../../arm-none-eabi/lib/thumb/v7-m/libc_nano.a
LOAD /home/icdu/opt/gcc-arm-none-eabi-6-2017-q2-update/bin/../lib/gcc/arm-none-eabi/6.3.1/../../../../arm-none-eabi/lib/thumb/v7-m/libm.a
LOAD /home/icdu/opt/gcc-arm-none-eabi-6-2017-q2-update/bin/../lib/gcc/arm-none-eabi/6.3.1/../../../../arm-none-eabi/lib/thumb/v7-m/libnosys.a
START GROUP
LOAD /home/icdu/opt/gcc-arm-none-eabi-6-2017-q2-update/bin/../lib/gcc/arm-none-eabi/6.3.1/thumb/v7-m/libgcc.a
LOAD /home/icdu/opt/gcc-arm-none-eabi-6-2017-q2-update/bin/../lib/gcc/arm-none-eabi/6.3.1/../../../../arm-none-eabi/lib/thumb/v7-m/libc_nano.a
END GROUP
START GROUP
LOAD /home/icdu/opt/gcc-arm-none-eabi-6-2017-q2-update/bin/../lib/gcc/arm-none-eabi/6.3.1/thumb/v7-m/libgcc.a
LOAD /home/icdu/opt/gcc-arm-none-eabi-6-2017-q2-update/bin/../lib/gcc/arm-none-eabi/6.3.1/../../../../arm-none-eabi/lib/thumb/v7-m/libc_nano.a
END GROUP
LOAD /home/icdu/opt/gcc-arm-none-eabi-6-2017-q2-update/bin/../lib/gcc/arm-none-eabi/6.3.1/thumb/v7-m/crtend.o
LOAD /home/icdu/opt/gcc-arm-none-eabi-6-2017-q2-update/bin/../lib/gcc/arm-none-eabi/6.3.1/thumb/v7-m/crtn.o
                0x0000000020005000                _estack = 0x20005000
                0x0000000000000200                _Min_Heap_Size = 0x200
                0x0000000000000400                _Min_Stack_Size = 0x400

.isr_vector     0x0000000008000000      0x10c
                0x0000000008000000                . = ALIGN (0x4)
 *(.isr_vector)
 .isr_vector    0x0000000008000000      0x10c build/startup_stm32f103xb.o
                0x0000000008000000                g_pfnVectors
                0x000000000800010c                . = ALIGN (0x4)

.text           0x000000000800010c     0x2e50
                0x000000000800010c                . = ALIGN (0x4)
 *(.text)
 .text          0x000000000800010c       0x6c /home/icdu/opt/gcc-arm-none-eabi-6-2017-q2-update/bin/../lib/gcc/arm-none-eabi/6.3.1/thumb/v7-m/crtbegin.o
 *(.text*)
 .text.NMI_Handler
                0x0000000008000178        0x2 build/stm32f1xx_it.o
                0x0000000008000178                NMI_Handler
 .text.HardFault_Handler
                0x000000000800017a        0x2 build/stm32f1xx_it.o
                0x000000000800017a                HardFault_Handler
 .text.MemManage_Handler
                0x000000000800017c        0x2 build/stm32f1xx_it.o
                0x000000000800017c                MemManage_Handler
 .text.BusFault_Handler
                0x000000000800017e        0x2 build/stm32f1xx_it.o
                0x000000000800017e                BusFault_Handler
 .text.UsageFault_Handler
                0x0000000008000180        0x2 build/stm32f1xx_it.o
                0x0000000008000180                UsageFault_Handler
 .text.SVC_Handler
                0x0000000008000182        0x2 build/stm32f1xx_it.o
                0x0000000008000182                SVC_Handler
 .text.DebugMon_Handler
                0x0000000008000184        0x2 build/stm32f1xx_it.o
                0x0000000008000184                DebugMon_Handler
 .text.PendSV_Handler
                0x0000000008000186        0x2 build/stm32f1xx_it.o
                0x0000000008000186                PendSV_Handler
 .text.SysTick_Handler
                0x0000000008000188        0xc build/stm32f1xx_it.o
                0x0000000008000188                SysTick_Handler
 .text.USB_LP_CAN1_RX0_IRQHandler
                0x0000000008000194       0x10 build/stm32f1xx_it.o
                0x0000000008000194                USB_LP_CAN1_RX0_IRQHandler
 .text.USBD_FS_DeviceDescriptor
                0x00000000080001a4        0xc build/usbd_desc.o
                0x00000000080001a4                USBD_FS_DeviceDescriptor
 .text.USBD_FS_LangIDStrDescriptor
                0x00000000080001b0        0xc build/usbd_desc.o
                0x00000000080001b0                USBD_FS_LangIDStrDescriptor
 .text.USBD_FS_ProductStrDescriptor
                0x00000000080001bc       0x24 build/usbd_desc.o
                0x00000000080001bc                USBD_FS_ProductStrDescriptor
 .text.USBD_FS_ManufacturerStrDescriptor
                0x00000000080001e0       0x1c build/usbd_desc.o
                0x00000000080001e0                USBD_FS_ManufacturerStrDescriptor
 .text.USBD_FS_SerialStrDescriptor
                0x00000000080001fc       0x24 build/usbd_desc.o
                0x00000000080001fc                USBD_FS_SerialStrDescriptor
 .text.USBD_FS_ConfigStrDescriptor
                0x0000000008000220       0x24 build/usbd_desc.o
                0x0000000008000220                USBD_FS_ConfigStrDescriptor
 .text.USBD_FS_InterfaceStrDescriptor
                0x0000000008000244       0x24 build/usbd_desc.o
                0x0000000008000244                USBD_FS_InterfaceStrDescriptor
 .text.MX_GPIO_Init
                0x0000000008000268       0x6c build/main.o
 .text._Error_Handler
                0x00000000080002d4        0x2 build/main.o
                0x00000000080002d4                _Error_Handler
 *fill*         0x00000000080002d6        0x2 
 .text.SystemClock_Config
                0x00000000080002d8       0xa0 build/main.o
                0x00000000080002d8                SystemClock_Config
 .text.main     0x0000000008000378       0x14 build/main.o
                0x0000000008000378                main
 .text.MX_USB_DEVICE_Init
                0x000000000800038c       0x38 build/usb_device.o
                0x000000000800038c                MX_USB_DEVICE_Init
 .text.HAL_NVIC_SetPriorityGrouping
                0x00000000080003c4       0x24 build/stm32f1xx_hal_cortex.o
                0x00000000080003c4                HAL_NVIC_SetPriorityGrouping
 .text.HAL_NVIC_SetPriority
                0x00000000080003e8       0x64 build/stm32f1xx_hal_cortex.o
                0x00000000080003e8                HAL_NVIC_SetPriority
 .text.HAL_NVIC_EnableIRQ
                0x000000000800044c       0x18 build/stm32f1xx_hal_cortex.o
                0x000000000800044c                HAL_NVIC_EnableIRQ
 .text.HAL_SYSTICK_Config
                0x0000000008000464       0x2c build/stm32f1xx_hal_cortex.o
                0x0000000008000464                HAL_SYSTICK_Config
 .text.HAL_SYSTICK_CLKSourceConfig
                0x0000000008000490       0x20 build/stm32f1xx_hal_cortex.o
                0x0000000008000490                HAL_SYSTICK_CLKSourceConfig
 .text.HAL_SYSTICK_Callback
                0x00000000080004b0        0x2 build/stm32f1xx_hal_cortex.o
                0x00000000080004b0                HAL_SYSTICK_Callback
 .text.HAL_SYSTICK_IRQHandler
                0x00000000080004b2        0x8 build/stm32f1xx_hal_cortex.o
                0x00000000080004b2                HAL_SYSTICK_IRQHandler
 *fill*         0x00000000080004ba        0x2 
 .text.RCC_Delay
                0x00000000080004bc       0x2c build/stm32f1xx_hal_rcc.o
 .text.HAL_RCC_OscConfig
                0x00000000080004e8      0x3e0 build/stm32f1xx_hal_rcc.o
                0x00000000080004e8                HAL_RCC_OscConfig
 .text.HAL_RCC_GetSysClockFreq
                0x00000000080008c8       0x6c build/stm32f1xx_hal_rcc.o
                0x00000000080008c8                HAL_RCC_GetSysClockFreq
 .text.HAL_RCC_ClockConfig
                0x0000000008000934      0x178 build/stm32f1xx_hal_rcc.o
                0x0000000008000934                HAL_RCC_ClockConfig
 .text.HAL_RCC_GetHCLKFreq
                0x0000000008000aac        0xc build/stm32f1xx_hal_rcc.o
                0x0000000008000aac                HAL_RCC_GetHCLKFreq
 .text.USB_CoreInit
                0x0000000008000ab8        0xe build/stm32f1xx_ll_usb.o
                0x0000000008000ab8                USB_CoreInit
 .text.USB_EnableGlobalInt
                0x0000000008000ac6       0x12 build/stm32f1xx_ll_usb.o
                0x0000000008000ac6                USB_EnableGlobalInt
 .text.USB_DisableGlobalInt
                0x0000000008000ad8       0x14 build/stm32f1xx_ll_usb.o
                0x0000000008000ad8                USB_DisableGlobalInt
 .text.USB_SetCurrentMode
                0x0000000008000aec        0x4 build/stm32f1xx_ll_usb.o
                0x0000000008000aec                USB_SetCurrentMode
 .text.USB_DevInit
                0x0000000008000af0       0x2c build/stm32f1xx_ll_usb.o
                0x0000000008000af0                USB_DevInit
 .text.USB_ActivateEndpoint
                0x0000000008000b1c      0x332 build/stm32f1xx_ll_usb.o
                0x0000000008000b1c                USB_ActivateEndpoint
 .text.USB_DeactivateEndpoint
                0x0000000008000e4e      0x1c4 build/stm32f1xx_ll_usb.o
                0x0000000008000e4e                USB_DeactivateEndpoint
 .text.USB_EPSetStall
                0x0000000008001012       0x6e build/stm32f1xx_ll_usb.o
                0x0000000008001012                USB_EPSetStall
 .text.USB_EPClearStall
                0x0000000008001080       0x92 build/stm32f1xx_ll_usb.o
                0x0000000008001080                USB_EPClearStall
 .text.USB_SetDevAddress
                0x0000000008001112        0xc build/stm32f1xx_ll_usb.o
                0x0000000008001112                USB_SetDevAddress
 .text.USB_DevConnect
                0x000000000800111e        0x4 build/stm32f1xx_ll_usb.o
                0x000000000800111e                USB_DevConnect
 .text.USB_DevDisconnect
                0x0000000008001122        0x4 build/stm32f1xx_ll_usb.o
                0x0000000008001122                USB_DevDisconnect
 .text.USB_ReadInterrupts
                0x0000000008001126        0x8 build/stm32f1xx_ll_usb.o
                0x0000000008001126                USB_ReadInterrupts
 .text.USB_EP0_OutStart
                0x000000000800112e        0x4 build/stm32f1xx_ll_usb.o
                0x000000000800112e                USB_EP0_OutStart
 .text.USB_WritePMA
                0x0000000008001132       0x2a build/stm32f1xx_ll_usb.o
                0x0000000008001132                USB_WritePMA
 .text.USB_EPStartXfer
                0x000000000800115c      0x2cc build/stm32f1xx_ll_usb.o
                0x000000000800115c                USB_EPStartXfer
 .text.USB_ReadPMA
                0x0000000008001428       0x1e build/stm32f1xx_ll_usb.o
                0x0000000008001428                USB_ReadPMA
 .text.USBD_Init
                0x0000000008001446       0x2e build/usbd_core.o
                0x0000000008001446                USBD_Init
 .text.USBD_RegisterClass
                0x0000000008001474        0xe build/usbd_core.o
                0x0000000008001474                USBD_RegisterClass
 .text.USBD_Start
                0x0000000008001482        0xa build/usbd_core.o
                0x0000000008001482                USBD_Start
 .text.USBD_SetClassConfig
                0x000000000800148c       0x1a build/usbd_core.o
                0x000000000800148c                USBD_SetClassConfig
 .text.USBD_ClrClassConfig
                0x00000000080014a6        0xe build/usbd_core.o
                0x00000000080014a6                USBD_ClrClassConfig
 .text.USBD_LL_SetupStage
                0x00000000080014b4       0x5a build/usbd_core.o
                0x00000000080014b4                USBD_LL_SetupStage
 .text.USBD_LL_DataOutStage
                0x000000000800150e       0x6a build/usbd_core.o
                0x000000000800150e                USBD_LL_DataOutStage
 .text.USBD_LL_DataInStage
                0x0000000008001578       0xb2 build/usbd_core.o
                0x0000000008001578                USBD_LL_DataInStage
 .text.USBD_LL_Reset
                0x000000000800162a       0x3e build/usbd_core.o
                0x000000000800162a                USBD_LL_Reset
 .text.USBD_LL_SetSpeed
                0x0000000008001668        0x6 build/usbd_core.o
                0x0000000008001668                USBD_LL_SetSpeed
 .text.USBD_LL_Suspend
                0x000000000800166e       0x12 build/usbd_core.o
                0x000000000800166e                USBD_LL_Suspend
 .text.USBD_LL_Resume
                0x0000000008001680        0xc build/usbd_core.o
                0x0000000008001680                USBD_LL_Resume
 .text.USBD_LL_SOF
                0x000000000800168c       0x1c build/usbd_core.o
                0x000000000800168c                USBD_LL_SOF
 .text.USBD_CtlSendData
                0x00000000080016a8       0x1a build/usbd_ioreq.o
                0x00000000080016a8                USBD_CtlSendData
 .text.USBD_CtlContinueSendData
                0x00000000080016c2       0x10 build/usbd_ioreq.o
                0x00000000080016c2                USBD_CtlContinueSendData
 .text.USBD_CtlPrepareRx
                0x00000000080016d2       0x1e build/usbd_ioreq.o
                0x00000000080016d2                USBD_CtlPrepareRx
 .text.USBD_CtlContinueRx
                0x00000000080016f0       0x10 build/usbd_ioreq.o
                0x00000000080016f0                USBD_CtlContinueRx
 .text.USBD_CtlSendStatus
                0x0000000008001700       0x16 build/usbd_ioreq.o
                0x0000000008001700                USBD_CtlSendStatus
 .text.USBD_CtlReceiveStatus
                0x0000000008001716       0x16 build/usbd_ioreq.o
                0x0000000008001716                USBD_CtlReceiveStatus
 .text.SystemInit
                0x000000000800172c       0x4c build/system_stm32f1xx.o
                0x000000000800172c                SystemInit
 .text.USBD_GetLen
                0x0000000008001778       0x14 build/usbd_ctlreq.o
 .text.USBD_SetFeature
                0x000000000800178c       0x20 build/usbd_ctlreq.o
 .text.USBD_ParseSetupRequest
                0x00000000080017ac       0x28 build/usbd_ctlreq.o
                0x00000000080017ac                USBD_ParseSetupRequest
 .text.USBD_CtlError
                0x00000000080017d4       0x14 build/usbd_ctlreq.o
                0x00000000080017d4                USBD_CtlError
 .text.USBD_GetDescriptor
                0x00000000080017e8      0x132 build/usbd_ctlreq.o
 .text.USBD_SetAddress
                0x000000000800191a       0x4a build/usbd_ctlreq.o
 .text.USBD_SetConfig
                0x0000000008001964       0xa4 build/usbd_ctlreq.o
 .text.USBD_GetConfig
                0x0000000008001a08       0x3a build/usbd_ctlreq.o
 .text.USBD_GetStatus
                0x0000000008001a42       0x2c build/usbd_ctlreq.o
 .text.USBD_ClrFeature
                0x0000000008001a6e       0x32 build/usbd_ctlreq.o
 .text.USBD_StdDevReq
                0x0000000008001aa0       0x48 build/usbd_ctlreq.o
                0x0000000008001aa0                USBD_StdDevReq
 .text.USBD_StdItfReq
                0x0000000008001ae8       0x38 build/usbd_ctlreq.o
                0x0000000008001ae8                USBD_StdItfReq
 .text.USBD_StdEPReq
                0x0000000008001b20      0x118 build/usbd_ctlreq.o
                0x0000000008001b20                USBD_StdEPReq
 .text.USBD_GetString
                0x0000000008001c38       0x3a build/usbd_ctlreq.o
                0x0000000008001c38                USBD_GetString
 .text.HAL_PCDEx_PMAConfig
                0x0000000008001c72       0x30 build/stm32f1xx_hal_pcd_ex.o
                0x0000000008001c72                HAL_PCDEx_PMAConfig
 .text.USBD_CDC_DataIn
                0x0000000008001ca2       0x12 build/usbd_cdc.o
 .text.USBD_CDC_EP0_RxReady
                0x0000000008001cb4       0x28 build/usbd_cdc.o
 .text.USBD_CDC_GetFSCfgDesc
                0x0000000008001cdc        0xc build/usbd_cdc.o
 .text.USBD_CDC_GetHSCfgDesc
                0x0000000008001ce8        0xc build/usbd_cdc.o
 .text.USBD_CDC_GetOtherSpeedCfgDesc
                0x0000000008001cf4        0xc build/usbd_cdc.o
 .text.USBD_CDC_GetDeviceQualifierDescriptor
                0x0000000008001d00        0xc build/usbd_cdc.o
                0x0000000008001d00                USBD_CDC_GetDeviceQualifierDescriptor
 .text.USBD_CDC_DataOut
                0x0000000008001d0c       0x2e build/usbd_cdc.o
 *fill*         0x0000000008001d3a        0x2 
 .text.USBD_CDC_Setup
                0x0000000008001d3c       0x74 build/usbd_cdc.o
 .text.USBD_CDC_DeInit
                0x0000000008001db0       0x3a build/usbd_cdc.o
 .text.USBD_CDC_Init
                0x0000000008001dea       0x96 build/usbd_cdc.o
 .text.USBD_CDC_RegisterInterface
                0x0000000008001e80        0xe build/usbd_cdc.o
                0x0000000008001e80                USBD_CDC_RegisterInterface
 .text.USBD_CDC_SetTxBuffer
                0x0000000008001e8e       0x10 build/usbd_cdc.o
                0x0000000008001e8e                USBD_CDC_SetTxBuffer
 .text.USBD_CDC_SetRxBuffer
                0x0000000008001e9e        0xc build/usbd_cdc.o
                0x0000000008001e9e                USBD_CDC_SetRxBuffer
 .text.USBD_CDC_ReceivePacket
                0x0000000008001eaa       0x32 build/usbd_cdc.o
                0x0000000008001eaa                USBD_CDC_ReceivePacket
 .text.HAL_InitTick
                0x0000000008001edc       0x2c build/stm32f1xx_hal.o
                0x0000000008001edc                HAL_InitTick
 .text.HAL_Init
                0x0000000008001f08       0x24 build/stm32f1xx_hal.o
                0x0000000008001f08                HAL_Init
 .text.HAL_IncTick
                0x0000000008001f2c       0x10 build/stm32f1xx_hal.o
                0x0000000008001f2c                HAL_IncTick
 .text.HAL_GetTick
                0x0000000008001f3c        0xc build/stm32f1xx_hal.o
                0x0000000008001f3c                HAL_GetTick
 .text.CDC_DeInit_FS
                0x0000000008001f48        0x4 build/usbd_cdc_if.o
 .text.CDC_Control_FS
                0x0000000008001f4c        0x4 build/usbd_cdc_if.o
 .text.CDC_Receive_FS
                0x0000000008001f50       0x48 build/usbd_cdc_if.o
 .text.CDC_Init_FS
                0x0000000008001f98       0x28 build/usbd_cdc_if.o
 .text.HAL_GPIO_Init
                0x0000000008001fc0      0x1ec build/stm32f1xx_hal_gpio.o
                0x0000000008001fc0                HAL_GPIO_Init
 .text.HAL_GPIO_WritePin
                0x00000000080021ac        0xc build/stm32f1xx_hal_gpio.o
                0x00000000080021ac                HAL_GPIO_WritePin
 .text.HAL_RCCEx_PeriphCLKConfig
                0x00000000080021b8      0x114 build/stm32f1xx_hal_rcc_ex.o
                0x00000000080021b8                HAL_RCCEx_PeriphCLKConfig
 .text.HAL_PCD_Init
                0x00000000080022cc       0xd6 build/stm32f1xx_hal_pcd.o
                0x00000000080022cc                HAL_PCD_Init
 .text.HAL_PCD_Start
                0x00000000080023a2       0x2e build/stm32f1xx_hal_pcd.o
                0x00000000080023a2                HAL_PCD_Start
 .text.HAL_PCD_SetAddress
                0x00000000080023d0       0x28 build/stm32f1xx_hal_pcd.o
                0x00000000080023d0                HAL_PCD_SetAddress
 .text.HAL_PCD_EP_Open
                0x00000000080023f8       0x52 build/stm32f1xx_hal_pcd.o
                0x00000000080023f8                HAL_PCD_EP_Open
 .text.HAL_PCD_EP_Close
                0x000000000800244a       0x4e build/stm32f1xx_hal_pcd.o
                0x000000000800244a                HAL_PCD_EP_Close
 .text.HAL_PCD_EP_Receive
                0x0000000008002498       0x3e build/stm32f1xx_hal_pcd.o
                0x0000000008002498                HAL_PCD_EP_Receive
 .text.HAL_PCD_EP_GetRxCount
                0x00000000080024d6        0xe build/stm32f1xx_hal_pcd.o
                0x00000000080024d6                HAL_PCD_EP_GetRxCount
 .text.HAL_PCD_EP_Transmit
                0x00000000080024e4       0x3c build/stm32f1xx_hal_pcd.o
                0x00000000080024e4                HAL_PCD_EP_Transmit
 .text.PCD_EP_ISR_Handler
                0x0000000008002520      0x46e build/stm32f1xx_hal_pcd.o
 .text.HAL_PCD_IRQHandler
                0x000000000800298e      0x164 build/stm32f1xx_hal_pcd.o
                0x000000000800298e                HAL_PCD_IRQHandler
 .text.HAL_PCD_EP_SetStall
                0x0000000008002af2       0x5c build/stm32f1xx_hal_pcd.o
                0x0000000008002af2                HAL_PCD_EP_SetStall
 .text.HAL_PCD_EP_ClrStall
                0x0000000008002b4e       0x4e build/stm32f1xx_hal_pcd.o
                0x0000000008002b4e                HAL_PCD_EP_ClrStall
 .text.HAL_MspInit
                0x0000000008002b9c       0x94 build/stm32f1xx_hal_msp.o
                0x0000000008002b9c                HAL_MspInit
 .text.HAL_PCD_MspInit
                0x0000000008002c30       0x40 build/usbd_conf.o
                0x0000000008002c30                HAL_PCD_MspInit
 .text.HAL_PCD_SetupStageCallback
                0x0000000008002c70       0x10 build/usbd_conf.o
                0x0000000008002c70                HAL_PCD_SetupStageCallback
 .text.HAL_PCD_DataOutStageCallback
                0x0000000008002c80       0x14 build/usbd_conf.o
                0x0000000008002c80                HAL_PCD_DataOutStageCallback
 .text.HAL_PCD_DataInStageCallback
                0x0000000008002c94       0x12 build/usbd_conf.o
                0x0000000008002c94                HAL_PCD_DataInStageCallback
 .text.HAL_PCD_SOFCallback
                0x0000000008002ca6        0xc build/usbd_conf.o
                0x0000000008002ca6                HAL_PCD_SOFCallback
 .text.HAL_PCD_ResetCallback
                0x0000000008002cb2       0x18 build/usbd_conf.o
                0x0000000008002cb2                HAL_PCD_ResetCallback
 *fill*         0x0000000008002cca        0x2 
 .text.HAL_PCD_SuspendCallback
                0x0000000008002ccc       0x20 build/usbd_conf.o
                0x0000000008002ccc                HAL_PCD_SuspendCallback
 .text.HAL_PCD_ResumeCallback
                0x0000000008002cec        0xc build/usbd_conf.o
                0x0000000008002cec                HAL_PCD_ResumeCallback
 .text.USBD_LL_Init
                0x0000000008002cf8       0x94 build/usbd_conf.o
                0x0000000008002cf8                USBD_LL_Init
 .text.USBD_LL_Start
                0x0000000008002d8c       0x1c build/usbd_conf.o
                0x0000000008002d8c                USBD_LL_Start
 .text.USBD_LL_OpenEP
                0x0000000008002da8       0x22 build/usbd_conf.o
                0x0000000008002da8                USBD_LL_OpenEP
 .text.USBD_LL_CloseEP
                0x0000000008002dca       0x1c build/usbd_conf.o
                0x0000000008002dca                USBD_LL_CloseEP
 .text.USBD_LL_StallEP
                0x0000000008002de6       0x1c build/usbd_conf.o
                0x0000000008002de6                USBD_LL_StallEP
 .text.USBD_LL_ClearStallEP
                0x0000000008002e02       0x1c build/usbd_conf.o
                0x0000000008002e02                USBD_LL_ClearStallEP
 .text.USBD_LL_IsStallEP
                0x0000000008002e1e       0x26 build/usbd_conf.o
                0x0000000008002e1e                USBD_LL_IsStallEP
 .text.USBD_LL_SetUSBAddress
                0x0000000008002e44       0x1c build/usbd_conf.o
                0x0000000008002e44                USBD_LL_SetUSBAddress
 .text.USBD_LL_Transmit
                0x0000000008002e60       0x1c build/usbd_conf.o
                0x0000000008002e60                USBD_LL_Transmit
 .text.USBD_LL_PrepareReceive
                0x0000000008002e7c       0x1c build/usbd_conf.o
                0x0000000008002e7c                USBD_LL_PrepareReceive
 .text.USBD_LL_GetRxDataSize
                0x0000000008002e98        0xc build/usbd_conf.o
                0x0000000008002e98                USBD_LL_GetRxDataSize
 .text.USBD_static_malloc
                0x0000000008002ea4        0x8 build/usbd_conf.o
                0x0000000008002ea4                USBD_static_malloc
 .text.USBD_static_free
                0x0000000008002eac        0x2 build/usbd_conf.o
                0x0000000008002eac                USBD_static_free
 .text.HAL_PCDEx_SetConnectionState
                0x0000000008002eae        0x2 build/usbd_conf.o
                0x0000000008002eae                HAL_PCDEx_SetConnectionState
 .text.Reset_Handler
                0x0000000008002eb0       0x48 build/startup_stm32f103xb.o
                0x0000000008002eb0                Reset_Handler
 .text.Default_Handler
                0x0000000008002ef8        0x2 build/startup_stm32f103xb.o
                0x0000000008002ef8                RTC_Alarm_IRQHandler
                0x0000000008002ef8                EXTI2_IRQHandler
                0x0000000008002ef8                TIM1_CC_IRQHandler
                0x0000000008002ef8                PVD_IRQHandler
                0x0000000008002ef8                EXTI3_IRQHandler
                0x0000000008002ef8                EXTI0_IRQHandler
                0x0000000008002ef8                I2C2_EV_IRQHandler
                0x0000000008002ef8                ADC1_2_IRQHandler
                0x0000000008002ef8                SPI1_IRQHandler
                0x0000000008002ef8                TAMPER_IRQHandler
                0x0000000008002ef8                DMA1_Channel4_IRQHandler
                0x0000000008002ef8                USART3_IRQHandler
                0x0000000008002ef8                RTC_IRQHandler
                0x0000000008002ef8                DMA1_Channel7_IRQHandler
                0x0000000008002ef8                CAN1_RX1_IRQHandler
                0x0000000008002ef8                TIM4_IRQHandler
                0x0000000008002ef8                I2C1_EV_IRQHandler
                0x0000000008002ef8                DMA1_Channel6_IRQHandler
                0x0000000008002ef8                TIM3_IRQHandler
                0x0000000008002ef8                RCC_IRQHandler
                0x0000000008002ef8                TIM1_TRG_COM_IRQHandler
                0x0000000008002ef8                DMA1_Channel1_IRQHandler
                0x0000000008002ef8                Default_Handler
                0x0000000008002ef8                EXTI15_10_IRQHandler
                0x0000000008002ef8                EXTI9_5_IRQHandler
                0x0000000008002ef8                SPI2_IRQHandler
                0x0000000008002ef8                DMA1_Channel5_IRQHandler
                0x0000000008002ef8                EXTI4_IRQHandler
                0x0000000008002ef8                USB_HP_CAN1_TX_IRQHandler
                0x0000000008002ef8                DMA1_Channel3_IRQHandler
                0x0000000008002ef8                TIM1_UP_IRQHandler
                0x0000000008002ef8                WWDG_IRQHandler
                0x0000000008002ef8                TIM2_IRQHandler
                0x0000000008002ef8                TIM1_BRK_IRQHandler
                0x0000000008002ef8                EXTI1_IRQHandler
                0x0000000008002ef8                USART2_IRQHandler
                0x0000000008002ef8                I2C2_ER_IRQHandler
                0x0000000008002ef8                DMA1_Channel2_IRQHandler
                0x0000000008002ef8                CAN1_SCE_IRQHandler
                0x0000000008002ef8                FLASH_IRQHandler
                0x0000000008002ef8                USART1_IRQHandler
                0x0000000008002ef8                I2C1_ER_IRQHandler
                0x0000000008002ef8                USBWakeUp_IRQHandler
 *fill*         0x0000000008002efa        0x2 
 .text.__libc_init_array
                0x0000000008002efc       0x48 /home/icdu/opt/gcc-arm-none-eabi-6-2017-q2-update/bin/../lib/gcc/arm-none-eabi/6.3.1/../../../../arm-none-eabi/lib/thumb/v7-m/libc_nano.a(lib_a-init.o)
                0x0000000008002efc                __libc_init_array
 *(.glue_7)
 .glue_7        0x0000000008002f44        0x0 linker stubs
 *(.glue_7t)
 .glue_7t       0x0000000008002f44        0x0 linker stubs
 *(.eh_frame)
 .eh_frame      0x0000000008002f44        0x0 /home/icdu/opt/gcc-arm-none-eabi-6-2017-q2-update/bin/../lib/gcc/arm-none-eabi/6.3.1/thumb/v7-m/crtbegin.o
 *(.init)
 .init          0x0000000008002f44        0x4 /home/icdu/opt/gcc-arm-none-eabi-6-2017-q2-update/bin/../lib/gcc/arm-none-eabi/6.3.1/thumb/v7-m/crti.o
                0x0000000008002f44                _init
 .init          0x0000000008002f48        0x8 /home/icdu/opt/gcc-arm-none-eabi-6-2017-q2-update/bin/../lib/gcc/arm-none-eabi/6.3.1/thumb/v7-m/crtn.o
 *(.fini)
 .fini          0x0000000008002f50        0x4 /home/icdu/opt/gcc-arm-none-eabi-6-2017-q2-update/bin/../lib/gcc/arm-none-eabi/6.3.1/thumb/v7-m/crti.o
                0x0000000008002f50                _fini
 .fini          0x0000000008002f54        0x8 /home/icdu/opt/gcc-arm-none-eabi-6-2017-q2-update/bin/../lib/gcc/arm-none-eabi/6.3.1/thumb/v7-m/crtn.o
                0x0000000008002f5c                . = ALIGN (0x4)
                0x0000000008002f5c                _etext = .

.vfp11_veneer   0x0000000008002f5c        0x0
 .vfp11_veneer  0x0000000008002f5c        0x0 linker stubs

.v4_bx          0x0000000008002f5c        0x0
 .v4_bx         0x0000000008002f5c        0x0 linker stubs

.iplt           0x0000000008002f5c        0x0
 .iplt          0x0000000008002f5c        0x0 /home/icdu/opt/gcc-arm-none-eabi-6-2017-q2-update/bin/../lib/gcc/arm-none-eabi/6.3.1/thumb/v7-m/crtbegin.o

.rodata         0x0000000008002f5c       0x98
                0x0000000008002f5c                . = ALIGN (0x4)
 *(.rodata)
 .rodata        0x0000000008002f5c       0x12 build/stm32f1xx_hal_rcc.o
 *(.rodata*)
 *fill*         0x0000000008002f6e        0x2 
 .rodata.USBD_FS_ConfigStrDescriptor.str1.4
                0x0000000008002f70        0xb build/usbd_desc.o
 *fill*         0x0000000008002f7b        0x1 
 .rodata.USBD_FS_InterfaceStrDescriptor.str1.4
                0x0000000008002f7c        0xe build/usbd_desc.o
 *fill*         0x0000000008002f8a        0x2 
 .rodata.USBD_FS_ManufacturerStrDescriptor.str1.4
                0x0000000008002f8c       0x13 build/usbd_desc.o
 *fill*         0x0000000008002f9f        0x1 
 .rodata.USBD_FS_ProductStrDescriptor.str1.4
                0x0000000008002fa0       0x16 build/usbd_desc.o
 *fill*         0x0000000008002fb6        0x2 
 .rodata.USBD_FS_SerialStrDescriptor.str1.4
                0x0000000008002fb8        0xd build/usbd_desc.o
 *fill*         0x0000000008002fc5        0x3 
 .rodata.SystemClock_Config.str1.4
                0x0000000008002fc8        0xb build/main.o
 *fill*         0x0000000008002fd3        0x1 
 .rodata.AHBPrescTable
                0x0000000008002fd4       0x10 build/system_stm32f1xx.o
                0x0000000008002fd4                AHBPrescTable
 .rodata.USBD_LL_Init.str1.4
                0x0000000008002fe4       0x10 build/usbd_conf.o
                0x0000000008002ff4                . = ALIGN (0x4)

.rel.dyn        0x0000000008002ff4        0x0
 .rel.iplt      0x0000000008002ff4        0x0 /home/icdu/opt/gcc-arm-none-eabi-6-2017-q2-update/bin/../lib/gcc/arm-none-eabi/6.3.1/thumb/v7-m/crtbegin.o

.ARM.extab
 *(.ARM.extab* .gnu.linkonce.armextab.*)

.ARM            0x0000000008002ff4        0x0
                0x0000000008002ff4                __exidx_start = .
 *(.ARM.exidx*)
                0x0000000008002ff4                __exidx_end = .

.preinit_array  0x0000000008002ff4        0x0
                0x0000000008002ff4                PROVIDE (__preinit_array_start, .)
 *(.preinit_array*)
                0x0000000008002ff4                PROVIDE (__preinit_array_end, .)

.init_array     0x0000000008002ff4        0x4
                0x0000000008002ff4                PROVIDE (__init_array_start, .)
 *(SORT(.init_array.*))
 *(.init_array*)
 .init_array    0x0000000008002ff4        0x4 /home/icdu/opt/gcc-arm-none-eabi-6-2017-q2-update/bin/../lib/gcc/arm-none-eabi/6.3.1/thumb/v7-m/crtbegin.o
                0x0000000008002ff8                PROVIDE (__init_array_end, .)

.fini_array     0x0000000008002ff8        0x4
                [!provide]                        PROVIDE (__fini_array_start, .)
 *(SORT(.fini_array.*))
 *(.fini_array*)
 .fini_array    0x0000000008002ff8        0x4 /home/icdu/opt/gcc-arm-none-eabi-6-2017-q2-update/bin/../lib/gcc/arm-none-eabi/6.3.1/thumb/v7-m/crtbegin.o
                [!provide]                        PROVIDE (__fini_array_end, .)
                0x0000000008002ffc                _sidata = LOADADDR (.data)

.data           0x0000000020000000      0x158 load address 0x0000000008002ffc
                0x0000000020000000                . = ALIGN (0x4)
                0x0000000020000000                _sdata = .
 *(.data)
 *(.data*)
 .data.FS_Desc  0x0000000020000000       0x1c build/usbd_desc.o
                0x0000000020000000                FS_Desc
 .data.USBD_FS_DeviceDesc
                0x000000002000001c       0x12 build/usbd_desc.o
                0x000000002000001c                USBD_FS_DeviceDesc
 *fill*         0x000000002000002e        0x2 
 .data.USBD_LangIDDesc
                0x0000000020000030        0x4 build/usbd_desc.o
                0x0000000020000030                USBD_LangIDDesc
 .data.SystemCoreClock
                0x0000000020000034        0x4 build/system_stm32f1xx.o
                0x0000000020000034                SystemCoreClock
 .data.USBD_CDC
                0x0000000020000038       0x38 build/usbd_cdc.o
                0x0000000020000038                USBD_CDC
 .data.USBD_CDC_CfgFSDesc
                0x0000000020000070       0x43 build/usbd_cdc.o
                0x0000000020000070                USBD_CDC_CfgFSDesc
 *fill*         0x00000000200000b3        0x1 
 .data.USBD_CDC_CfgHSDesc
                0x00000000200000b4       0x43 build/usbd_cdc.o
                0x00000000200000b4                USBD_CDC_CfgHSDesc
 *fill*         0x00000000200000f7        0x1 
 .data.USBD_CDC_DeviceQualifierDesc
                0x00000000200000f8        0xa build/usbd_cdc.o
 *fill*         0x0000000020000102        0x2 
 .data.USBD_CDC_OtherSpeedCfgDesc
                0x0000000020000104       0x43 build/usbd_cdc.o
                0x0000000020000104                USBD_CDC_OtherSpeedCfgDesc
 *fill*         0x0000000020000147        0x1 
 .data.USBD_Interface_fops_FS
                0x0000000020000148       0x10 build/usbd_cdc_if.o
                0x0000000020000148                USBD_Interface_fops_FS
                0x0000000020000158                . = ALIGN (0x4)
                0x0000000020000158                _edata = .

.jcr            0x0000000020000158        0x0 load address 0x0000000008003154
 .jcr           0x0000000020000158        0x0 /home/icdu/opt/gcc-arm-none-eabi-6-2017-q2-update/bin/../lib/gcc/arm-none-eabi/6.3.1/thumb/v7-m/crtbegin.o

.igot.plt       0x0000000020000158        0x0 load address 0x0000000008003154
 .igot.plt      0x0000000020000158        0x0 /home/icdu/opt/gcc-arm-none-eabi-6-2017-q2-update/bin/../lib/gcc/arm-none-eabi/6.3.1/thumb/v7-m/crtbegin.o
                0x0000000020000158                . = ALIGN (0x4)

.bss            0x0000000020000158     0x1ac8 load address 0x0000000008003154
                0x0000000020000158                _sbss = .
                0x0000000020000158                __bss_start__ = _sbss
 *(.bss)
 .bss           0x0000000020000158       0x1c /home/icdu/opt/gcc-arm-none-eabi-6-2017-q2-update/bin/../lib/gcc/arm-none-eabi/6.3.1/thumb/v7-m/crtbegin.o
 *(.bss*)
 .bss.cfgidx.7501
                0x0000000020000174        0x1 build/usbd_ctlreq.o
 .bss.ifalt.7496
                0x0000000020000175        0x1 build/usbd_cdc.o
 *fill*         0x0000000020000176        0x2 
 .bss.mem.7655  0x0000000020000178      0x220 build/usbd_conf.o
 *(COMMON)
 COMMON         0x0000000020000398      0x200 build/usbd_desc.o
                0x0000000020000398                USBD_StrDesc
 COMMON         0x0000000020000598      0x224 build/usb_device.o
                0x0000000020000598                hUsbDeviceFS
 COMMON         0x00000000200007bc        0x4 build/stm32f1xx_hal.o
                0x00000000200007bc                uwTick
 COMMON         0x00000000200007c0     0x1000 build/usbd_cdc_if.o
                0x00000000200007c0                UserRxBufferFS
                0x0000000020000fc0                UserTxBufferFS
 COMMON         0x00000000200017c0      0x460 build/usbd_conf.o
                0x00000000200017c0                hpcd_USB_FS
                0x0000000020001c20                . = ALIGN (0x4)
                0x0000000020001c20                _ebss = .
                0x0000000020001c20                __bss_end__ = _ebss

._user_heap_stack
                0x0000000020001c20      0x600 load address 0x0000000008003154
                0x0000000020001c20                . = ALIGN (0x8)
                [!provide]                        PROVIDE (end, .)
                [!provide]                        PROVIDE (_end, .)
                0x0000000020001e20                . = (. + _Min_Heap_Size)
 *fill*         0x0000000020001c20      0x200 
                0x0000000020002220                . = (. + _Min_Stack_Size)
 *fill*         0x0000000020001e20      0x400 
                0x0000000020002220                . = ALIGN (0x8)

/DISCARD/
 libc.a(*)
 libm.a(*)
 libgcc.a(*)

.ARM.attributes
                0x0000000000000000       0x29
 *(.ARM.attributes)
 .ARM.attributes
                0x0000000000000000       0x1d /home/icdu/opt/gcc-arm-none-eabi-6-2017-q2-update/bin/../lib/gcc/arm-none-eabi/6.3.1/thumb/v7-m/crti.o
 .ARM.attributes
                0x000000000000001d       0x2d /home/icdu/opt/gcc-arm-none-eabi-6-2017-q2-update/bin/../lib/gcc/arm-none-eabi/6.3.1/thumb/v7-m/crtbegin.o
 .ARM.attributes
                0x000000000000004a       0x33 build/stm32f1xx_it.o
 .ARM.attributes
                0x000000000000007d       0x33 build/usbd_desc.o
 .ARM.attributes
                0x00000000000000b0       0x33 build/main.o
 .ARM.attributes
                0x00000000000000e3       0x33 build/usb_device.o
 .ARM.attributes
                0x0000000000000116       0x33 build/stm32f1xx_hal_cortex.o
 .ARM.attributes
                0x0000000000000149       0x33 build/stm32f1xx_hal_rcc.o
 .ARM.attributes
                0x000000000000017c       0x33 build/stm32f1xx_ll_usb.o
 .ARM.attributes
                0x00000000000001af       0x33 build/usbd_core.o
 .ARM.attributes
                0x00000000000001e2       0x33 build/usbd_ioreq.o
 .ARM.attributes
                0x0000000000000215       0x33 build/system_stm32f1xx.o
 .ARM.attributes
                0x0000000000000248       0x33 build/usbd_ctlreq.o
 .ARM.attributes
                0x000000000000027b       0x33 build/stm32f1xx_hal_pcd_ex.o
 .ARM.attributes
                0x00000000000002ae       0x33 build/usbd_cdc.o
 .ARM.attributes
                0x00000000000002e1       0x33 build/stm32f1xx_hal.o
 .ARM.attributes
                0x0000000000000314       0x33 build/usbd_cdc_if.o
 .ARM.attributes
                0x0000000000000347       0x33 build/stm32f1xx_hal_gpio.o
 .ARM.attributes
                0x000000000000037a       0x33 build/stm32f1xx_hal_rcc_ex.o
 .ARM.attributes
                0x00000000000003ad       0x33 build/stm32f1xx_hal_pcd.o
 .ARM.attributes
                0x00000000000003e0       0x33 build/stm32f1xx_hal_msp.o
 .ARM.attributes
                0x0000000000000413       0x33 build/usbd_conf.o
 .ARM.attributes
                0x0000000000000446       0x21 build/startup_stm32f103xb.o
 .ARM.attributes
                0x0000000000000467       0x2d /home/icdu/opt/gcc-arm-none-eabi-6-2017-q2-update/bin/../lib/gcc/arm-none-eabi/6.3.1/../../../../arm-none-eabi/lib/thumb/v7-m/libc_nano.a(lib_a-init.o)
 .ARM.attributes
                0x0000000000000494       0x1d /home/icdu/opt/gcc-arm-none-eabi-6-2017-q2-update/bin/../lib/gcc/arm-none-eabi/6.3.1/thumb/v7-m/crtn.o
OUTPUT(build/usb_driver.elf elf32-littlearm)

.debug_info     0x0000000000000000    0x1881f
 .debug_info    0x0000000000000000      0xfca build/stm32f1xx_it.o
 .debug_info    0x0000000000000fca      0xe7a build/usbd_desc.o
 .debug_info    0x0000000000001e44     0x15d3 build/main.o
 .debug_info    0x0000000000003417     0x1006 build/usb_device.o
 .debug_info    0x000000000000441d     0x1601 build/stm32f1xx_hal_cortex.o
 .debug_info    0x0000000000005a1e     0x1313 build/stm32f1xx_hal_rcc.o
 .debug_info    0x0000000000006d31     0x18f1 build/stm32f1xx_ll_usb.o
 .debug_info    0x0000000000008622     0x165f build/usbd_core.o
 .debug_info    0x0000000000009c81     0x1157 build/usbd_ioreq.o
 .debug_info    0x000000000000add8      0xd4a build/system_stm32f1xx.o
 .debug_info    0x000000000000bb22     0x1807 build/usbd_ctlreq.o
 .debug_info    0x000000000000d329      0xf72 build/stm32f1xx_hal_pcd_ex.o
 .debug_info    0x000000000000e29b     0x174f build/usbd_cdc.o
 .debug_info    0x000000000000f9ea     0x105b build/stm32f1xx_hal.o
 .debug_info    0x0000000000010a45     0x1314 build/usbd_cdc_if.o
 .debug_info    0x0000000000011d59      0xfd7 build/stm32f1xx_hal_gpio.o
 .debug_info    0x0000000000012d30      0xd85 build/stm32f1xx_hal_rcc_ex.o
 .debug_info    0x0000000000013ab5     0x1bf0 build/stm32f1xx_hal_pcd.o
 .debug_info    0x00000000000156a5      0xdca build/stm32f1xx_hal_msp.o
 .debug_info    0x000000000001646f     0x234f build/usbd_conf.o
 .debug_info    0x00000000000187be       0x61 build/startup_stm32f103xb.o

.debug_abbrev   0x0000000000000000     0x35bd
 .debug_abbrev  0x0000000000000000      0x1fd build/stm32f1xx_it.o
 .debug_abbrev  0x00000000000001fd      0x270 build/usbd_desc.o
 .debug_abbrev  0x000000000000046d      0x28e build/main.o
 .debug_abbrev  0x00000000000006fb      0x1f8 build/usb_device.o
 .debug_abbrev  0x00000000000008f3      0x3d1 build/stm32f1xx_hal_cortex.o
 .debug_abbrev  0x0000000000000cc4      0x31d build/stm32f1xx_hal_rcc.o
 .debug_abbrev  0x0000000000000fe1      0x2d8 build/stm32f1xx_ll_usb.o
 .debug_abbrev  0x00000000000012b9      0x2e0 build/usbd_core.o
 .debug_abbrev  0x0000000000001599      0x1f5 build/usbd_ioreq.o
 .debug_abbrev  0x000000000000178e      0x207 build/system_stm32f1xx.o
 .debug_abbrev  0x0000000000001995      0x323 build/usbd_ctlreq.o
 .debug_abbrev  0x0000000000001cb8      0x211 build/stm32f1xx_hal_pcd_ex.o
 .debug_abbrev  0x0000000000001ec9      0x32a build/usbd_cdc.o
 .debug_abbrev  0x00000000000021f3      0x2e1 build/stm32f1xx_hal.o
 .debug_abbrev  0x00000000000024d4      0x2d2 build/usbd_cdc_if.o
 .debug_abbrev  0x00000000000027a6      0x2bc build/stm32f1xx_hal_gpio.o
 .debug_abbrev  0x0000000000002a62      0x294 build/stm32f1xx_hal_rcc_ex.o
 .debug_abbrev  0x0000000000002cf6      0x36e build/stm32f1xx_hal_pcd.o
 .debug_abbrev  0x0000000000003064      0x214 build/stm32f1xx_hal_msp.o
 .debug_abbrev  0x0000000000003278      0x333 build/usbd_conf.o
 .debug_abbrev  0x00000000000035ab       0x12 build/startup_stm32f103xb.o

.debug_loc      0x0000000000000000     0x64b5
 .debug_loc     0x0000000000000000       0x40 build/stm32f1xx_it.o
 .debug_loc     0x0000000000000040      0x357 build/usbd_desc.o
 .debug_loc     0x0000000000000397       0x9e build/main.o
 .debug_loc     0x0000000000000435       0x20 build/usb_device.o
 .debug_loc     0x0000000000000455      0x63d build/stm32f1xx_hal_cortex.o
 .debug_loc     0x0000000000000a92      0x5e3 build/stm32f1xx_hal_rcc.o
 .debug_loc     0x0000000000001075      0xd44 build/stm32f1xx_ll_usb.o
 .debug_loc     0x0000000000001db9      0x8a8 build/usbd_core.o
 .debug_loc     0x0000000000002661      0x31c build/usbd_ioreq.o
 .debug_loc     0x000000000000297d       0xdf build/system_stm32f1xx.o
 .debug_loc     0x0000000000002a5c      0xd28 build/usbd_ctlreq.o
 .debug_loc     0x0000000000003784       0xf4 build/stm32f1xx_hal_pcd_ex.o
 .debug_loc     0x0000000000003878      0x5b1 build/usbd_cdc.o
 .debug_loc     0x0000000000003e29      0x101 build/stm32f1xx_hal.o
 .debug_loc     0x0000000000003f2a      0x194 build/usbd_cdc_if.o
 .debug_loc     0x00000000000040be      0x501 build/stm32f1xx_hal_gpio.o
 .debug_loc     0x00000000000045bf      0x364 build/stm32f1xx_hal_rcc_ex.o
 .debug_loc     0x0000000000004923      0xc8f build/stm32f1xx_hal_pcd.o
 .debug_loc     0x00000000000055b2       0x38 build/stm32f1xx_hal_msp.o
 .debug_loc     0x00000000000055ea      0xecb build/usbd_conf.o

.debug_aranges  0x0000000000000000      0x998
 .debug_aranges
                0x0000000000000000       0x68 build/stm32f1xx_it.o
 .debug_aranges
                0x0000000000000068       0x50 build/usbd_desc.o
 .debug_aranges
                0x00000000000000b8       0x38 build/main.o
 .debug_aranges
                0x00000000000000f0       0x20 build/usb_device.o
 .debug_aranges
                0x0000000000000110       0x90 build/stm32f1xx_hal_cortex.o
 .debug_aranges
                0x00000000000001a0       0x90 build/stm32f1xx_hal_rcc.o
 .debug_aranges
                0x0000000000000230      0x100 build/stm32f1xx_ll_usb.o
 .debug_aranges
                0x0000000000000330       0xb8 build/usbd_core.o
 .debug_aranges
                0x00000000000003e8       0x50 build/usbd_ioreq.o
 .debug_aranges
                0x0000000000000438       0x28 build/system_stm32f1xx.o
 .debug_aranges
                0x0000000000000460       0x88 build/usbd_ctlreq.o
 .debug_aranges
                0x00000000000004e8       0x28 build/stm32f1xx_hal_pcd_ex.o
 .debug_aranges
                0x0000000000000510       0x90 build/usbd_cdc.o
 .debug_aranges
                0x00000000000005a0       0xb8 build/stm32f1xx_hal.o
 .debug_aranges
                0x0000000000000658       0x40 build/usbd_cdc_if.o
 .debug_aranges
                0x0000000000000698       0x58 build/stm32f1xx_hal_gpio.o
 .debug_aranges
                0x00000000000006f0       0x30 build/stm32f1xx_hal_rcc_ex.o
 .debug_aranges
                0x0000000000000720      0x120 build/stm32f1xx_hal_pcd.o
 .debug_aranges
                0x0000000000000840       0x20 build/stm32f1xx_hal_msp.o
 .debug_aranges
                0x0000000000000860      0x110 build/usbd_conf.o
 .debug_aranges
                0x0000000000000970       0x28 build/startup_stm32f103xb.o

.debug_ranges   0x0000000000000000      0xa08
 .debug_ranges  0x0000000000000000       0x58 build/stm32f1xx_it.o
 .debug_ranges  0x0000000000000058       0x40 build/usbd_desc.o
 .debug_ranges  0x0000000000000098       0x28 build/main.o
 .debug_ranges  0x00000000000000c0       0x10 build/usb_device.o
 .debug_ranges  0x00000000000000d0       0xe0 build/stm32f1xx_hal_cortex.o
 .debug_ranges  0x00000000000001b0       0xa0 build/stm32f1xx_hal_rcc.o
 .debug_ranges  0x0000000000000250      0x1e0 build/stm32f1xx_ll_usb.o
 .debug_ranges  0x0000000000000430       0xa8 build/usbd_core.o
 .debug_ranges  0x00000000000004d8       0x40 build/usbd_ioreq.o
 .debug_ranges  0x0000000000000518       0x18 build/system_stm32f1xx.o
 .debug_ranges  0x0000000000000530       0x78 build/usbd_ctlreq.o
 .debug_ranges  0x00000000000005a8       0x18 build/stm32f1xx_hal_pcd_ex.o
 .debug_ranges  0x00000000000005c0       0x80 build/usbd_cdc.o
 .debug_ranges  0x0000000000000640       0xa8 build/stm32f1xx_hal.o
 .debug_ranges  0x00000000000006e8       0x30 build/usbd_cdc_if.o
 .debug_ranges  0x0000000000000718       0x48 build/stm32f1xx_hal_gpio.o
 .debug_ranges  0x0000000000000760       0x38 build/stm32f1xx_hal_rcc_ex.o
 .debug_ranges  0x0000000000000798      0x140 build/stm32f1xx_hal_pcd.o
 .debug_ranges  0x00000000000008d8       0x10 build/stm32f1xx_hal_msp.o
 .debug_ranges  0x00000000000008e8      0x100 build/usbd_conf.o
 .debug_ranges  0x00000000000009e8       0x20 build/startup_stm32f103xb.o

.debug_line     0x0000000000000000     0x5194
 .debug_line    0x0000000000000000      0x31d build/stm32f1xx_it.o
 .debug_line    0x000000000000031d      0x319 build/usbd_desc.o
 .debug_line    0x0000000000000636      0x3a1 build/main.o
 .debug_line    0x00000000000009d7      0x302 build/usb_device.o
 .debug_line    0x0000000000000cd9      0x3c5 build/stm32f1xx_hal_cortex.o
 .debug_line    0x000000000000109e      0x55d build/stm32f1xx_hal_rcc.o
 .debug_line    0x00000000000015fb      0x69b build/stm32f1xx_ll_usb.o
 .debug_line    0x0000000000001c96      0x4c0 build/usbd_core.o
 .debug_line    0x0000000000002156      0x32a build/usbd_ioreq.o
 .debug_line    0x0000000000002480      0x24a build/system_stm32f1xx.o
 .debug_line    0x00000000000026ca      0x4c4 build/usbd_ctlreq.o
 .debug_line    0x0000000000002b8e      0x2a0 build/stm32f1xx_hal_pcd_ex.o
 .debug_line    0x0000000000002e2e      0x4a0 build/usbd_cdc.o
 .debug_line    0x00000000000032ce      0x3c6 build/stm32f1xx_hal.o
 .debug_line    0x0000000000003694      0x373 build/usbd_cdc_if.o
 .debug_line    0x0000000000003a07      0x417 build/stm32f1xx_hal_gpio.o
 .debug_line    0x0000000000003e1e      0x350 build/stm32f1xx_hal_rcc_ex.o
 .debug_line    0x000000000000416e      0x74b build/stm32f1xx_hal_pcd.o
 .debug_line    0x00000000000048b9      0x242 build/stm32f1xx_hal_msp.o
 .debug_line    0x0000000000004afb      0x627 build/usbd_conf.o
 .debug_line    0x0000000000005122       0x72 build/startup_stm32f103xb.o

.debug_str      0x0000000000000000     0x2b3e
 .debug_str     0x0000000000000000      0x8ff build/stm32f1xx_it.o
                                        0x995 (size before relaxing)
 .debug_str     0x00000000000008ff      0x234 build/usbd_desc.o
                                        0x7fd (size before relaxing)
 .debug_str     0x0000000000000b33      0x822 build/main.o
                                        0xf95 (size before relaxing)
 .debug_str     0x0000000000001355       0xa7 build/usb_device.o
                                        0xa22 (size before relaxing)
 .debug_str     0x00000000000013fc      0x2b3 build/stm32f1xx_hal_cortex.o
                                        0xcbf (size before relaxing)
 .debug_str     0x00000000000016af      0x22b build/stm32f1xx_hal_rcc.o
                                        0xa03 (size before relaxing)
 .debug_str     0x00000000000018da      0x355 build/stm32f1xx_ll_usb.o
                                        0xb24 (size before relaxing)
 .debug_str     0x0000000000001c2f      0x2c3 build/usbd_core.o
                                        0xc42 (size before relaxing)
 .debug_str     0x0000000000001ef2       0xa5 build/usbd_ioreq.o
                                        0xa89 (size before relaxing)
 .debug_str     0x0000000000001f97       0x4a build/system_stm32f1xx.o
                                        0x695 (size before relaxing)
 .debug_str     0x0000000000001fe1      0x117 build/usbd_ctlreq.o
                                        0xb5c (size before relaxing)
 .debug_str     0x00000000000020f8       0x76 build/stm32f1xx_hal_pcd_ex.o
                                        0x951 (size before relaxing)
 .debug_str     0x000000000000216e      0x262 build/usbd_cdc.o
                                        0xcd0 (size before relaxing)
 .debug_str     0x00000000000023d0      0x19e build/stm32f1xx_hal.o
                                        0xb5b (size before relaxing)
 .debug_str     0x000000000000256e       0x78 build/usbd_cdc_if.o
                                        0xb45 (size before relaxing)
 .debug_str     0x00000000000025e6      0x14b build/stm32f1xx_hal_gpio.o
                                        0x82c (size before relaxing)
 .debug_str     0x0000000000002731       0x9c build/stm32f1xx_hal_rcc_ex.o
                                        0x7e7 (size before relaxing)
 .debug_str     0x00000000000027cd      0x30b build/stm32f1xx_hal_pcd.o
                                        0xe26 (size before relaxing)
 .debug_str     0x0000000000002ad8       0x18 build/stm32f1xx_hal_msp.o
                                        0x947 (size before relaxing)
 .debug_str     0x0000000000002af0       0x4e build/usbd_conf.o
                                       0x1523 (size before relaxing)

.comment        0x0000000000000000       0x7f
 .comment       0x0000000000000000       0x7f build/stm32f1xx_it.o
                                         0x80 (size before relaxing)
 .comment       0x000000000000007f       0x80 build/usbd_desc.o
 .comment       0x000000000000007f       0x80 build/main.o
 .comment       0x000000000000007f       0x80 build/usb_device.o
 .comment       0x000000000000007f       0x80 build/stm32f1xx_hal_cortex.o
 .comment       0x000000000000007f       0x80 build/stm32f1xx_hal_rcc.o
 .comment       0x000000000000007f       0x80 build/stm32f1xx_ll_usb.o
 .comment       0x000000000000007f       0x80 build/usbd_core.o
 .comment       0x000000000000007f       0x80 build/usbd_ioreq.o
 .comment       0x000000000000007f       0x80 build/system_stm32f1xx.o
 .comment       0x000000000000007f       0x80 build/usbd_ctlreq.o
 .comment       0x000000000000007f       0x80 build/stm32f1xx_hal_pcd_ex.o
 .comment       0x000000000000007f       0x80 build/usbd_cdc.o
 .comment       0x000000000000007f       0x80 build/stm32f1xx_hal.o
 .comment       0x000000000000007f       0x80 build/usbd_cdc_if.o
 .comment       0x000000000000007f       0x80 build/stm32f1xx_hal_gpio.o
 .comment       0x000000000000007f       0x80 build/stm32f1xx_hal_rcc_ex.o
 .comment       0x000000000000007f       0x80 build/stm32f1xx_hal_pcd.o
 .comment       0x000000000000007f       0x80 build/stm32f1xx_hal_msp.o
 .comment       0x000000000000007f       0x80 build/usbd_conf.o

.debug_frame    0x0000000000000000     0x17c8
 .debug_frame   0x0000000000000000       0xc8 build/stm32f1xx_it.o
 .debug_frame   0x00000000000000c8       0xbc build/usbd_desc.o
 .debug_frame   0x0000000000000184       0x7c build/main.o
 .debug_frame   0x0000000000000200       0x2c build/usb_device.o
 .debug_frame   0x000000000000022c      0x13c build/stm32f1xx_hal_cortex.o
 .debug_frame   0x0000000000000368      0x17c build/stm32f1xx_hal_rcc.o
 .debug_frame   0x00000000000004e4      0x250 build/stm32f1xx_ll_usb.o
 .debug_frame   0x0000000000000734      0x1ec build/usbd_core.o
 .debug_frame   0x0000000000000920       0xd4 build/usbd_ioreq.o
 .debug_frame   0x00000000000009f4       0x30 build/system_stm32f1xx.o
 .debug_frame   0x0000000000000a24      0x1ac build/usbd_ctlreq.o
 .debug_frame   0x0000000000000bd0       0x30 build/stm32f1xx_hal_pcd_ex.o
 .debug_frame   0x0000000000000c00      0x168 build/usbd_cdc.o
 .debug_frame   0x0000000000000d68      0x188 build/stm32f1xx_hal.o
 .debug_frame   0x0000000000000ef0       0x88 build/usbd_cdc_if.o
 .debug_frame   0x0000000000000f78      0x104 build/stm32f1xx_hal_gpio.o
 .debug_frame   0x000000000000107c       0x74 build/stm32f1xx_hal_rcc_ex.o
 .debug_frame   0x00000000000010f0      0x338 build/stm32f1xx_hal_pcd.o
 .debug_frame   0x0000000000001428       0x30 build/stm32f1xx_hal_msp.o
 .debug_frame   0x0000000000001458      0x344 build/usbd_conf.o
 .debug_frame   0x000000000000179c       0x2c /home/icdu/opt/gcc-arm-none-eabi-6-2017-q2-update/bin/../lib/gcc/arm-none-eabi/6.3.1/../../../../arm-none-eabi/lib/thumb/v7-m/libc_nano.a(lib_a-init.o)

Cross Reference Table

Symbol                                            File
ADC1_2_IRQHandler                                 build/startup_stm32f103xb.o
AHBPrescTable                                     build/system_stm32f1xx.o
                                                  build/stm32f1xx_hal_rcc.o
APBPrescTable                                     build/system_stm32f1xx.o
                                                  build/stm32f1xx_hal_rcc.o
BusFault_Handler                                  build/stm32f1xx_it.o
CAN1_RX1_IRQHandler                               build/startup_stm32f103xb.o
CAN1_SCE_IRQHandler                               build/startup_stm32f103xb.o
CDC_Transmit_FS                                   build/usbd_cdc_if.o
DMA1_Channel1_IRQHandler                          build/startup_stm32f103xb.o
DMA1_Channel2_IRQHandler                          build/startup_stm32f103xb.o
DMA1_Channel3_IRQHandler                          build/startup_stm32f103xb.o
DMA1_Channel4_IRQHandler                          build/startup_stm32f103xb.o
DMA1_Channel5_IRQHandler                          build/startup_stm32f103xb.o
DMA1_Channel6_IRQHandler                          build/startup_stm32f103xb.o
DMA1_Channel7_IRQHandler                          build/startup_stm32f103xb.o
DebugMon_Handler                                  build/stm32f1xx_it.o
Default_Handler                                   build/startup_stm32f103xb.o
EXTI0_IRQHandler                                  build/startup_stm32f103xb.o
EXTI15_10_IRQHandler                              build/startup_stm32f103xb.o
EXTI1_IRQHandler                                  build/startup_stm32f103xb.o
EXTI2_IRQHandler                                  build/startup_stm32f103xb.o
EXTI3_IRQHandler                                  build/startup_stm32f103xb.o
EXTI4_IRQHandler                                  build/startup_stm32f103xb.o
EXTI9_5_IRQHandler                                build/startup_stm32f103xb.o
FLASH_IRQHandler                                  build/startup_stm32f103xb.o
FLASH_PageErase                                   build/stm32f1xx_hal_flash_ex.o
                                                  build/stm32f1xx_hal_flash.o
FLASH_WaitForLastOperation                        build/stm32f1xx_hal_flash.o
                                                  build/stm32f1xx_hal_flash_ex.o
FS_Desc                                           build/usbd_desc.o
                                                  build/usb_device.o
HAL_DBGMCU_DisableDBGSleepMode                    build/stm32f1xx_hal.o
HAL_DBGMCU_DisableDBGStandbyMode                  build/stm32f1xx_hal.o
HAL_DBGMCU_DisableDBGStopMode                     build/stm32f1xx_hal.o
HAL_DBGMCU_EnableDBGSleepMode                     build/stm32f1xx_hal.o
HAL_DBGMCU_EnableDBGStandbyMode                   build/stm32f1xx_hal.o
HAL_DBGMCU_EnableDBGStopMode                      build/stm32f1xx_hal.o
HAL_DMA_Abort                                     build/stm32f1xx_hal_dma.o
HAL_DMA_Abort_IT                                  build/stm32f1xx_hal_dma.o
HAL_DMA_DeInit                                    build/stm32f1xx_hal_dma.o
HAL_DMA_GetError                                  build/stm32f1xx_hal_dma.o
HAL_DMA_GetState                                  build/stm32f1xx_hal_dma.o
HAL_DMA_IRQHandler                                build/stm32f1xx_hal_dma.o
HAL_DMA_Init                                      build/stm32f1xx_hal_dma.o
HAL_DMA_PollForTransfer                           build/stm32f1xx_hal_dma.o
HAL_DMA_RegisterCallback                          build/stm32f1xx_hal_dma.o
HAL_DMA_Start                                     build/stm32f1xx_hal_dma.o
HAL_DMA_Start_IT                                  build/stm32f1xx_hal_dma.o
HAL_DMA_UnRegisterCallback                        build/stm32f1xx_hal_dma.o
HAL_DeInit                                        build/stm32f1xx_hal.o
HAL_Delay                                         build/stm32f1xx_hal.o
                                                  build/usbd_conf.o
HAL_FLASHEx_Erase                                 build/stm32f1xx_hal_flash_ex.o
HAL_FLASHEx_Erase_IT                              build/stm32f1xx_hal_flash_ex.o
HAL_FLASHEx_OBErase                               build/stm32f1xx_hal_flash_ex.o
HAL_FLASHEx_OBGetConfig                           build/stm32f1xx_hal_flash_ex.o
HAL_FLASHEx_OBGetUserData                         build/stm32f1xx_hal_flash_ex.o
HAL_FLASHEx_OBProgram                             build/stm32f1xx_hal_flash_ex.o
HAL_FLASH_EndOfOperationCallback                  build/stm32f1xx_hal_flash.o
HAL_FLASH_GetError                                build/stm32f1xx_hal_flash.o
HAL_FLASH_IRQHandler                              build/stm32f1xx_hal_flash.o
HAL_FLASH_Lock                                    build/stm32f1xx_hal_flash.o
HAL_FLASH_OB_Launch                               build/stm32f1xx_hal_flash.o
HAL_FLASH_OB_Lock                                 build/stm32f1xx_hal_flash.o
HAL_FLASH_OB_Unlock                               build/stm32f1xx_hal_flash.o
HAL_FLASH_OperationErrorCallback                  build/stm32f1xx_hal_flash.o
HAL_FLASH_Program                                 build/stm32f1xx_hal_flash.o
HAL_FLASH_Program_IT                              build/stm32f1xx_hal_flash.o
HAL_FLASH_Unlock                                  build/stm32f1xx_hal_flash.o
HAL_GPIOEx_ConfigEventout                         build/stm32f1xx_hal_gpio_ex.o
HAL_GPIOEx_DisableEventout                        build/stm32f1xx_hal_gpio_ex.o
HAL_GPIOEx_EnableEventout                         build/stm32f1xx_hal_gpio_ex.o
HAL_GPIO_DeInit                                   build/stm32f1xx_hal_gpio.o
HAL_GPIO_EXTI_Callback                            build/stm32f1xx_hal_gpio.o
HAL_GPIO_EXTI_IRQHandler                          build/stm32f1xx_hal_gpio.o
HAL_GPIO_Init                                     build/stm32f1xx_hal_gpio.o
                                                  build/stm32f1xx_hal_rcc.o
                                                  build/main.o
HAL_GPIO_LockPin                                  build/stm32f1xx_hal_gpio.o
HAL_GPIO_ReadPin                                  build/stm32f1xx_hal_gpio.o
HAL_GPIO_TogglePin                                build/stm32f1xx_hal_gpio.o
HAL_GPIO_WritePin                                 build/stm32f1xx_hal_gpio.o
                                                  build/usbd_cdc_if.o
                                                  build/main.o
HAL_GetDEVID                                      build/stm32f1xx_hal.o
HAL_GetHalVersion                                 build/stm32f1xx_hal.o
HAL_GetREVID                                      build/stm32f1xx_hal.o
HAL_GetTick                                       build/stm32f1xx_hal.o
                                                  build/stm32f1xx_hal_flash.o
                                                  build/stm32f1xx_hal_rcc_ex.o
                                                  build/stm32f1xx_hal_dma.o
                                                  build/stm32f1xx_hal_rcc.o
HAL_GetUID                                        build/stm32f1xx_hal.o
HAL_IncTick                                       build/stm32f1xx_hal.o
                                                  build/stm32f1xx_it.o
HAL_Init                                          build/stm32f1xx_hal.o
                                                  build/main.o
HAL_InitTick                                      build/stm32f1xx_hal.o
                                                  build/stm32f1xx_hal_rcc.o
HAL_MspDeInit                                     build/stm32f1xx_hal.o
HAL_MspInit                                       build/stm32f1xx_hal_msp.o
                                                  build/stm32f1xx_hal.o
HAL_NVIC_ClearPendingIRQ                          build/stm32f1xx_hal_cortex.o
HAL_NVIC_DisableIRQ                               build/stm32f1xx_hal_cortex.o
                                                  build/usbd_conf.o
HAL_NVIC_EnableIRQ                                build/stm32f1xx_hal_cortex.o
                                                  build/usbd_conf.o
HAL_NVIC_GetActive                                build/stm32f1xx_hal_cortex.o
HAL_NVIC_GetPendingIRQ                            build/stm32f1xx_hal_cortex.o
HAL_NVIC_GetPriority                              build/stm32f1xx_hal_cortex.o
HAL_NVIC_GetPriorityGrouping                      build/stm32f1xx_hal_cortex.o
HAL_NVIC_SetPendingIRQ                            build/stm32f1xx_hal_cortex.o
HAL_NVIC_SetPriority                              build/stm32f1xx_hal_cortex.o
                                                  build/usbd_conf.o
                                                  build/stm32f1xx_hal_msp.o
                                                  build/stm32f1xx_hal.o
                                                  build/main.o
HAL_NVIC_SetPriorityGrouping                      build/stm32f1xx_hal_cortex.o
                                                  build/stm32f1xx_hal_msp.o
                                                  build/stm32f1xx_hal.o
HAL_NVIC_SystemReset                              build/stm32f1xx_hal_cortex.o
                                                  build/stm32f1xx_hal_flash.o
HAL_PCDEx_PMAConfig                               build/stm32f1xx_hal_pcd_ex.o
                                                  build/usbd_conf.o
HAL_PCDEx_SetConnectionState                      build/usbd_conf.o
                                                  build/stm32f1xx_hal_pcd_ex.o
                                                  build/stm32f1xx_hal_pcd.o
HAL_PCD_ActivateRemoteWakeup                      build/stm32f1xx_hal_pcd.o
HAL_PCD_ConnectCallback                           build/usbd_conf.o
                                                  build/stm32f1xx_hal_pcd.o
HAL_PCD_DataInStageCallback                       build/usbd_conf.o
                                                  build/stm32f1xx_hal_pcd.o
HAL_PCD_DataOutStageCallback                      build/usbd_conf.o
                                                  build/stm32f1xx_hal_pcd.o
HAL_PCD_DeActivateRemoteWakeup                    build/stm32f1xx_hal_pcd.o
HAL_PCD_DeInit                                    build/stm32f1xx_hal_pcd.o
                                                  build/usbd_conf.o
HAL_PCD_DevConnect                                build/stm32f1xx_hal_pcd.o
HAL_PCD_DevDisconnect                             build/stm32f1xx_hal_pcd.o
HAL_PCD_DisconnectCallback                        build/usbd_conf.o
                                                  build/stm32f1xx_hal_pcd.o
HAL_PCD_EP_Close                                  build/stm32f1xx_hal_pcd.o
                                                  build/usbd_conf.o
HAL_PCD_EP_ClrStall                               build/stm32f1xx_hal_pcd.o
                                                  build/usbd_conf.o
HAL_PCD_EP_Flush                                  build/stm32f1xx_hal_pcd.o
                                                  build/usbd_conf.o
HAL_PCD_EP_GetRxCount                             build/stm32f1xx_hal_pcd.o
                                                  build/usbd_conf.o
HAL_PCD_EP_Open                                   build/stm32f1xx_hal_pcd.o
                                                  build/usbd_conf.o
HAL_PCD_EP_Receive                                build/stm32f1xx_hal_pcd.o
                                                  build/usbd_conf.o
HAL_PCD_EP_SetStall                               build/stm32f1xx_hal_pcd.o
                                                  build/usbd_conf.o
HAL_PCD_EP_Transmit                               build/stm32f1xx_hal_pcd.o
                                                  build/usbd_conf.o
HAL_PCD_GetState                                  build/stm32f1xx_hal_pcd.o
HAL_PCD_IRQHandler                                build/stm32f1xx_hal_pcd.o
                                                  build/stm32f1xx_it.o
HAL_PCD_ISOINIncompleteCallback                   build/usbd_conf.o
                                                  build/stm32f1xx_hal_pcd.o
HAL_PCD_ISOOUTIncompleteCallback                  build/usbd_conf.o
                                                  build/stm32f1xx_hal_pcd.o
HAL_PCD_Init                                      build/stm32f1xx_hal_pcd.o
                                                  build/usbd_conf.o
HAL_PCD_MspDeInit                                 build/usbd_conf.o
                                                  build/stm32f1xx_hal_pcd.o
HAL_PCD_MspInit                                   build/usbd_conf.o
                                                  build/stm32f1xx_hal_pcd.o
HAL_PCD_ResetCallback                             build/usbd_conf.o
                                                  build/stm32f1xx_hal_pcd.o
HAL_PCD_ResumeCallback                            build/usbd_conf.o
                                                  build/stm32f1xx_hal_pcd.o
HAL_PCD_SOFCallback                               build/usbd_conf.o
                                                  build/stm32f1xx_hal_pcd.o
HAL_PCD_SetAddress                                build/stm32f1xx_hal_pcd.o
                                                  build/usbd_conf.o
HAL_PCD_SetupStageCallback                        build/usbd_conf.o
                                                  build/stm32f1xx_hal_pcd.o
HAL_PCD_Start                                     build/stm32f1xx_hal_pcd.o
                                                  build/usbd_conf.o
HAL_PCD_Stop                                      build/stm32f1xx_hal_pcd.o
                                                  build/usbd_conf.o
HAL_PCD_SuspendCallback                           build/usbd_conf.o
                                                  build/stm32f1xx_hal_pcd.o
HAL_PWR_ConfigPVD                                 build/stm32f1xx_hal_pwr.o
HAL_PWR_DeInit                                    build/stm32f1xx_hal_pwr.o
HAL_PWR_DisableBkUpAccess                         build/stm32f1xx_hal_pwr.o
HAL_PWR_DisablePVD                                build/stm32f1xx_hal_pwr.o
HAL_PWR_DisableSEVOnPend                          build/stm32f1xx_hal_pwr.o
HAL_PWR_DisableSleepOnExit                        build/stm32f1xx_hal_pwr.o
HAL_PWR_DisableWakeUpPin                          build/stm32f1xx_hal_pwr.o
HAL_PWR_EnableBkUpAccess                          build/stm32f1xx_hal_pwr.o
HAL_PWR_EnablePVD                                 build/stm32f1xx_hal_pwr.o
HAL_PWR_EnableSEVOnPend                           build/stm32f1xx_hal_pwr.o
HAL_PWR_EnableSleepOnExit                         build/stm32f1xx_hal_pwr.o
HAL_PWR_EnableWakeUpPin                           build/stm32f1xx_hal_pwr.o
HAL_PWR_EnterSLEEPMode                            build/stm32f1xx_hal_pwr.o
HAL_PWR_EnterSTANDBYMode                          build/stm32f1xx_hal_pwr.o
HAL_PWR_EnterSTOPMode                             build/stm32f1xx_hal_pwr.o
HAL_PWR_PVDCallback                               build/stm32f1xx_hal_pwr.o
HAL_PWR_PVD_IRQHandler                            build/stm32f1xx_hal_pwr.o
HAL_RCCEx_GetPeriphCLKConfig                      build/stm32f1xx_hal_rcc_ex.o
HAL_RCCEx_GetPeriphCLKFreq                        build/stm32f1xx_hal_rcc_ex.o
HAL_RCCEx_PeriphCLKConfig                         build/stm32f1xx_hal_rcc_ex.o
                                                  build/main.o
HAL_RCC_CSSCallback                               build/stm32f1xx_hal_rcc.o
HAL_RCC_ClockConfig                               build/stm32f1xx_hal_rcc.o
                                                  build/main.o
HAL_RCC_DeInit                                    build/stm32f1xx_hal_rcc.o
HAL_RCC_DisableCSS                                build/stm32f1xx_hal_rcc.o
HAL_RCC_EnableCSS                                 build/stm32f1xx_hal_rcc.o
HAL_RCC_GetClockConfig                            build/stm32f1xx_hal_rcc.o
HAL_RCC_GetHCLKFreq                               build/stm32f1xx_hal_rcc.o
                                                  build/main.o
HAL_RCC_GetOscConfig                              build/stm32f1xx_hal_rcc.o
HAL_RCC_GetPCLK1Freq                              build/stm32f1xx_hal_rcc.o
HAL_RCC_GetPCLK2Freq                              build/stm32f1xx_hal_rcc.o
                                                  build/stm32f1xx_hal_rcc_ex.o
HAL_RCC_GetSysClockFreq                           build/stm32f1xx_hal_rcc.o
HAL_RCC_MCOConfig                                 build/stm32f1xx_hal_rcc.o
HAL_RCC_NMI_IRQHandler                            build/stm32f1xx_hal_rcc.o
HAL_RCC_OscConfig                                 build/stm32f1xx_hal_rcc.o
                                                  build/main.o
HAL_ResumeTick                                    build/stm32f1xx_hal.o
HAL_SYSTICK_CLKSourceConfig                       build/stm32f1xx_hal_cortex.o
                                                  build/main.o
HAL_SYSTICK_Callback                              build/stm32f1xx_hal_cortex.o
HAL_SYSTICK_Config                                build/stm32f1xx_hal_cortex.o
                                                  build/stm32f1xx_hal.o
                                                  build/main.o
HAL_SYSTICK_IRQHandler                            build/stm32f1xx_hal_cortex.o
                                                  build/stm32f1xx_it.o
HAL_SuspendTick                                   build/stm32f1xx_hal.o
HardFault_Handler                                 build/stm32f1xx_it.o
I2C1_ER_IRQHandler                                build/startup_stm32f103xb.o
I2C1_EV_IRQHandler                                build/startup_stm32f103xb.o
I2C2_ER_IRQHandler                                build/startup_stm32f103xb.o
I2C2_EV_IRQHandler                                build/startup_stm32f103xb.o
MX_USB_DEVICE_Init                                build/usb_device.o
                                                  build/main.o
MemManage_Handler                                 build/stm32f1xx_it.o
NMI_Handler                                       build/stm32f1xx_it.o
PVD_IRQHandler                                    build/startup_stm32f103xb.o
PendSV_Handler                                    build/stm32f1xx_it.o
RCC_IRQHandler                                    build/startup_stm32f103xb.o
RTC_Alarm_IRQHandler                              build/startup_stm32f103xb.o
RTC_IRQHandler                                    build/startup_stm32f103xb.o
Reset_Handler                                     build/startup_stm32f103xb.o
SPI1_IRQHandler                                   build/startup_stm32f103xb.o
SPI2_IRQHandler                                   build/startup_stm32f103xb.o
SVC_Handler                                       build/stm32f1xx_it.o
SysTick_Handler                                   build/stm32f1xx_it.o
SystemClock_Config                                build/main.o
SystemCoreClock                                   build/system_stm32f1xx.o
                                                  build/stm32f1xx_hal.o
                                                  build/stm32f1xx_hal_rcc.o
SystemCoreClockUpdate                             build/system_stm32f1xx.o
SystemInit                                        build/system_stm32f1xx.o
                                                  build/startup_stm32f103xb.o
TAMPER_IRQHandler                                 build/startup_stm32f103xb.o
TIM1_BRK_IRQHandler                               build/startup_stm32f103xb.o
TIM1_CC_IRQHandler                                build/startup_stm32f103xb.o
TIM1_TRG_COM_IRQHandler                           build/startup_stm32f103xb.o
TIM1_UP_IRQHandler                                build/startup_stm32f103xb.o
TIM2_IRQHandler                                   build/startup_stm32f103xb.o
TIM3_IRQHandler                                   build/startup_stm32f103xb.o
TIM4_IRQHandler                                   build/startup_stm32f103xb.o
USART1_IRQHandler                                 build/startup_stm32f103xb.o
USART2_IRQHandler                                 build/startup_stm32f103xb.o
USART3_IRQHandler                                 build/startup_stm32f103xb.o
USBD_CDC                                          build/usbd_cdc.o
                                                  build/usb_device.o
USBD_CDC_CfgFSDesc                                build/usbd_cdc.o
USBD_CDC_CfgHSDesc                                build/usbd_cdc.o
USBD_CDC_GetDeviceQualifierDescriptor             build/usbd_cdc.o
USBD_CDC_OtherSpeedCfgDesc                        build/usbd_cdc.o
USBD_CDC_ReceivePacket                            build/usbd_cdc.o
                                                  build/usbd_cdc_if.o
USBD_CDC_RegisterInterface                        build/usbd_cdc.o
                                                  build/usb_device.o
USBD_CDC_SetRxBuffer                              build/usbd_cdc.o
                                                  build/usbd_cdc_if.o
USBD_CDC_SetTxBuffer                              build/usbd_cdc.o
                                                  build/usbd_cdc_if.o
USBD_CDC_TransmitPacket                           build/usbd_cdc.o
                                                  build/usbd_cdc_if.o
USBD_ClrClassConfig                               build/usbd_core.o
                                                  build/usbd_ctlreq.o
USBD_CtlContinueRx                                build/usbd_ioreq.o
                                                  build/usbd_core.o
USBD_CtlContinueSendData                          build/usbd_ioreq.o
                                                  build/usbd_core.o
USBD_CtlError                                     build/usbd_ctlreq.o
USBD_CtlPrepareRx                                 build/usbd_ioreq.o
                                                  build/usbd_cdc.o
USBD_CtlReceiveStatus                             build/usbd_ioreq.o
                                                  build/usbd_core.o
USBD_CtlSendData                                  build/usbd_ioreq.o
                                                  build/usbd_cdc.o
                                                  build/usbd_ctlreq.o
USBD_CtlSendStatus                                build/usbd_ioreq.o
                                                  build/usbd_ctlreq.o
                                                  build/usbd_core.o
USBD_DeInit                                       build/usbd_core.o
USBD_FS_ConfigStrDescriptor                       build/usbd_desc.o
USBD_FS_DeviceDesc                                build/usbd_desc.o
USBD_FS_DeviceDescriptor                          build/usbd_desc.o
USBD_FS_InterfaceStrDescriptor                    build/usbd_desc.o
USBD_FS_LangIDStrDescriptor                       build/usbd_desc.o
USBD_FS_ManufacturerStrDescriptor                 build/usbd_desc.o
USBD_FS_ProductStrDescriptor                      build/usbd_desc.o
USBD_FS_SerialStrDescriptor                       build/usbd_desc.o
USBD_GetRxCount                                   build/usbd_ioreq.o
USBD_GetString                                    build/usbd_ctlreq.o
                                                  build/usbd_desc.o
USBD_Init                                         build/usbd_core.o
                                                  build/usb_device.o
USBD_Interface_fops_FS                            build/usbd_cdc_if.o
                                                  build/usb_device.o
USBD_LL_ClearStallEP                              build/usbd_conf.o
                                                  build/usbd_ctlreq.o
USBD_LL_CloseEP                                   build/usbd_conf.o
                                                  build/usbd_cdc.o
USBD_LL_DataInStage                               build/usbd_core.o
                                                  build/usbd_conf.o
USBD_LL_DataOutStage                              build/usbd_core.o
                                                  build/usbd_conf.o
USBD_LL_DeInit                                    build/usbd_conf.o
                                                  build/usbd_core.o
USBD_LL_Delay                                     build/usbd_conf.o
USBD_LL_DevConnected                              build/usbd_core.o
                                                  build/usbd_conf.o
USBD_LL_DevDisconnected                           build/usbd_core.o
                                                  build/usbd_conf.o
USBD_LL_FlushEP                                   build/usbd_conf.o
USBD_LL_GetRxDataSize                             build/usbd_conf.o
                                                  build/usbd_cdc.o
                                                  build/usbd_ioreq.o
USBD_LL_Init                                      build/usbd_conf.o
                                                  build/usbd_core.o
USBD_LL_IsStallEP                                 build/usbd_conf.o
                                                  build/usbd_ctlreq.o
USBD_LL_IsoINIncomplete                           build/usbd_core.o
                                                  build/usbd_conf.o
USBD_LL_IsoOUTIncomplete                          build/usbd_core.o
                                                  build/usbd_conf.o
USBD_LL_OpenEP                                    build/usbd_conf.o
                                                  build/usbd_cdc.o
                                                  build/usbd_core.o
USBD_LL_PrepareReceive                            build/usbd_conf.o
                                                  build/usbd_cdc.o
                                                  build/usbd_ioreq.o
                                                  build/usbd_core.o
USBD_LL_Reset                                     build/usbd_core.o
                                                  build/usbd_conf.o
USBD_LL_Resume                                    build/usbd_core.o
                                                  build/usbd_conf.o
USBD_LL_SOF                                       build/usbd_core.o
                                                  build/usbd_conf.o
USBD_LL_SetSpeed                                  build/usbd_core.o
                                                  build/usbd_conf.o
USBD_LL_SetUSBAddress                             build/usbd_conf.o
                                                  build/usbd_ctlreq.o
USBD_LL_SetupStage                                build/usbd_core.o
                                                  build/usbd_conf.o
USBD_LL_StallEP                                   build/usbd_conf.o
                                                  build/usbd_ctlreq.o
                                                  build/usbd_core.o
USBD_LL_Start                                     build/usbd_conf.o
                                                  build/usbd_core.o
USBD_LL_Stop                                      build/usbd_conf.o
                                                  build/usbd_core.o
USBD_LL_Suspend                                   build/usbd_core.o
                                                  build/usbd_conf.o
USBD_LL_Transmit                                  build/usbd_conf.o
                                                  build/usbd_cdc.o
                                                  build/usbd_ioreq.o
USBD_LangIDDesc                                   build/usbd_desc.o
USBD_ParseSetupRequest                            build/usbd_ctlreq.o
                                                  build/usbd_core.o
USBD_RegisterClass                                build/usbd_core.o
                                                  build/usb_device.o
USBD_RunTestMode                                  build/usbd_core.o
USBD_SetClassConfig                               build/usbd_core.o
                                                  build/usbd_ctlreq.o
USBD_Start                                        build/usbd_core.o
                                                  build/usb_device.o
USBD_StdDevReq                                    build/usbd_ctlreq.o
                                                  build/usbd_core.o
USBD_StdEPReq                                     build/usbd_ctlreq.o
                                                  build/usbd_core.o
USBD_StdItfReq                                    build/usbd_ctlreq.o
                                                  build/usbd_core.o
USBD_Stop                                         build/usbd_core.o
USBD_StrDesc                                      build/usbd_desc.o
USBD_static_free                                  build/usbd_conf.o
                                                  build/usbd_cdc.o
USBD_static_malloc                                build/usbd_conf.o
                                                  build/usbd_cdc.o
USBWakeUp_IRQHandler                              build/startup_stm32f103xb.o
USB_ActivateEndpoint                              build/stm32f1xx_ll_usb.o
                                                  build/stm32f1xx_hal_pcd.o
USB_ActivateRemoteWakeup                          build/stm32f1xx_ll_usb.o
                                                  build/stm32f1xx_hal_pcd.o
USB_ClearInterrupts                               build/stm32f1xx_ll_usb.o
USB_CoreInit                                      build/stm32f1xx_ll_usb.o
                                                  build/stm32f1xx_hal_pcd.o
USB_DeActivateRemoteWakeup                        build/stm32f1xx_ll_usb.o
                                                  build/stm32f1xx_hal_pcd.o
USB_DeactivateEndpoint                            build/stm32f1xx_ll_usb.o
                                                  build/stm32f1xx_hal_pcd.o
USB_DevConnect                                    build/stm32f1xx_ll_usb.o
                                                  build/stm32f1xx_hal_pcd.o
USB_DevDisconnect                                 build/stm32f1xx_ll_usb.o
                                                  build/stm32f1xx_hal_pcd.o
USB_DevInit                                       build/stm32f1xx_ll_usb.o
                                                  build/stm32f1xx_hal_pcd.o
USB_DisableGlobalInt                              build/stm32f1xx_ll_usb.o
                                                  build/stm32f1xx_hal_pcd.o
USB_EP0_OutStart                                  build/stm32f1xx_ll_usb.o
                                                  build/stm32f1xx_hal_pcd.o
USB_EPClearStall                                  build/stm32f1xx_ll_usb.o
                                                  build/stm32f1xx_hal_pcd.o
USB_EPSetStall                                    build/stm32f1xx_ll_usb.o
                                                  build/stm32f1xx_hal_pcd.o
USB_EPStartXfer                                   build/stm32f1xx_ll_usb.o
                                                  build/stm32f1xx_hal_pcd.o
USB_EnableGlobalInt                               build/stm32f1xx_ll_usb.o
                                                  build/stm32f1xx_hal_pcd.o
USB_FlushRxFifo                                   build/stm32f1xx_ll_usb.o
                                                  build/stm32f1xx_hal_pcd.o
USB_FlushTxFifo                                   build/stm32f1xx_ll_usb.o
                                                  build/stm32f1xx_hal_pcd.o
USB_HP_CAN1_TX_IRQHandler                         build/startup_stm32f103xb.o
USB_LP_CAN1_RX0_IRQHandler                        build/stm32f1xx_it.o
USB_ReadDevAllInEpInterrupt                       build/stm32f1xx_ll_usb.o
USB_ReadDevAllOutEpInterrupt                      build/stm32f1xx_ll_usb.o
USB_ReadDevInEPInterrupt                          build/stm32f1xx_ll_usb.o
USB_ReadDevOutEPInterrupt                         build/stm32f1xx_ll_usb.o
USB_ReadInterrupts                                build/stm32f1xx_ll_usb.o
                                                  build/stm32f1xx_hal_pcd.o
USB_ReadPMA                                       build/stm32f1xx_ll_usb.o
                                                  build/stm32f1xx_hal_pcd.o
USB_ReadPacket                                    build/stm32f1xx_ll_usb.o
USB_SetCurrentMode                                build/stm32f1xx_ll_usb.o
                                                  build/stm32f1xx_hal_pcd.o
USB_SetDevAddress                                 build/stm32f1xx_ll_usb.o
                                                  build/stm32f1xx_hal_pcd.o
USB_StopDevice                                    build/stm32f1xx_ll_usb.o
                                                  build/stm32f1xx_hal_pcd.o
USB_WritePMA                                      build/stm32f1xx_ll_usb.o
                                                  build/stm32f1xx_hal_pcd.o
USB_WritePacket                                   build/stm32f1xx_ll_usb.o
UsageFault_Handler                                build/stm32f1xx_it.o
UserRxBufferFS                                    build/usbd_cdc_if.o
UserTxBufferFS                                    build/usbd_cdc_if.o
WWDG_IRQHandler                                   build/startup_stm32f103xb.o
_Error_Handler                                    build/main.o
                                                  build/usbd_conf.o
_Jv_RegisterClasses                               /home/icdu/opt/gcc-arm-none-eabi-6-2017-q2-update/bin/../lib/gcc/arm-none-eabi/6.3.1/thumb/v7-m/crtbegin.o
__bss_end__                                       /home/icdu/opt/gcc-arm-none-eabi-6-2017-q2-update/bin/../lib/gcc/arm-none-eabi/6.3.1/../../../../arm-none-eabi/lib/thumb/v7-m/crt0.o
__bss_start__                                     /home/icdu/opt/gcc-arm-none-eabi-6-2017-q2-update/bin/../lib/gcc/arm-none-eabi/6.3.1/../../../../arm-none-eabi/lib/thumb/v7-m/crt0.o
__call_exitprocs                                  /home/icdu/opt/gcc-arm-none-eabi-6-2017-q2-update/bin/../lib/gcc/arm-none-eabi/6.3.1/../../../../arm-none-eabi/lib/thumb/v7-m/libc_nano.a(lib_a-exit.o)
__deregister_frame_info                           /home/icdu/opt/gcc-arm-none-eabi-6-2017-q2-update/bin/../lib/gcc/arm-none-eabi/6.3.1/thumb/v7-m/crtbegin.o
__dso_handle                                      /home/icdu/opt/gcc-arm-none-eabi-6-2017-q2-update/bin/../lib/gcc/arm-none-eabi/6.3.1/thumb/v7-m/crtbegin.o
__init_array_end                                  /home/icdu/opt/gcc-arm-none-eabi-6-2017-q2-update/bin/../lib/gcc/arm-none-eabi/6.3.1/../../../../arm-none-eabi/lib/thumb/v7-m/libc_nano.a(lib_a-init.o)
__init_array_start                                /home/icdu/opt/gcc-arm-none-eabi-6-2017-q2-update/bin/../lib/gcc/arm-none-eabi/6.3.1/../../../../arm-none-eabi/lib/thumb/v7-m/libc_nano.a(lib_a-init.o)
__libc_fini_array                                 /home/icdu/opt/gcc-arm-none-eabi-6-2017-q2-update/bin/../lib/gcc/arm-none-eabi/6.3.1/../../../../arm-none-eabi/lib/thumb/v7-m/crt0.o
__libc_init_array                                 /home/icdu/opt/gcc-arm-none-eabi-6-2017-q2-update/bin/../lib/gcc/arm-none-eabi/6.3.1/../../../../arm-none-eabi/lib/thumb/v7-m/libc_nano.a(lib_a-init.o)
                                                  build/startup_stm32f103xb.o
                                                  /home/icdu/opt/gcc-arm-none-eabi-6-2017-q2-update/bin/../lib/gcc/arm-none-eabi/6.3.1/../../../../arm-none-eabi/lib/thumb/v7-m/crt0.o
__preinit_array_end                               /home/icdu/opt/gcc-arm-none-eabi-6-2017-q2-update/bin/../lib/gcc/arm-none-eabi/6.3.1/../../../../arm-none-eabi/lib/thumb/v7-m/libc_nano.a(lib_a-init.o)
__preinit_array_start                             /home/icdu/opt/gcc-arm-none-eabi-6-2017-q2-update/bin/../lib/gcc/arm-none-eabi/6.3.1/../../../../arm-none-eabi/lib/thumb/v7-m/libc_nano.a(lib_a-init.o)
__register_frame_info                             /home/icdu/opt/gcc-arm-none-eabi-6-2017-q2-update/bin/../lib/gcc/arm-none-eabi/6.3.1/thumb/v7-m/crtbegin.o
__sf_fake_stderr                                  /home/icdu/opt/gcc-arm-none-eabi-6-2017-q2-update/bin/../lib/gcc/arm-none-eabi/6.3.1/../../../../arm-none-eabi/lib/thumb/v7-m/libc_nano.a(lib_a-impure.o)
__sf_fake_stdin                                   /home/icdu/opt/gcc-arm-none-eabi-6-2017-q2-update/bin/../lib/gcc/arm-none-eabi/6.3.1/../../../../arm-none-eabi/lib/thumb/v7-m/libc_nano.a(lib_a-impure.o)
__sf_fake_stdout                                  /home/icdu/opt/gcc-arm-none-eabi-6-2017-q2-update/bin/../lib/gcc/arm-none-eabi/6.3.1/../../../../arm-none-eabi/lib/thumb/v7-m/libc_nano.a(lib_a-impure.o)
__stack                                           /home/icdu/opt/gcc-arm-none-eabi-6-2017-q2-update/bin/../lib/gcc/arm-none-eabi/6.3.1/../../../../arm-none-eabi/lib/thumb/v7-m/crt0.o
_ebss                                             build/startup_stm32f103xb.o
_edata                                            build/startup_stm32f103xb.o
_estack                                           build/startup_stm32f103xb.o
_exit                                             /home/icdu/opt/gcc-arm-none-eabi-6-2017-q2-update/bin/../lib/gcc/arm-none-eabi/6.3.1/../../../../arm-none-eabi/lib/thumb/v7-m/libnosys.a(_exit.o)
                                                  /home/icdu/opt/gcc-arm-none-eabi-6-2017-q2-update/bin/../lib/gcc/arm-none-eabi/6.3.1/../../../../arm-none-eabi/lib/thumb/v7-m/libc_nano.a(lib_a-exit.o)
_fini                                             /home/icdu/opt/gcc-arm-none-eabi-6-2017-q2-update/bin/../lib/gcc/arm-none-eabi/6.3.1/thumb/v7-m/crti.o
_global_impure_ptr                                /home/icdu/opt/gcc-arm-none-eabi-6-2017-q2-update/bin/../lib/gcc/arm-none-eabi/6.3.1/../../../../arm-none-eabi/lib/thumb/v7-m/libc_nano.a(lib_a-impure.o)
                                                  /home/icdu/opt/gcc-arm-none-eabi-6-2017-q2-update/bin/../lib/gcc/arm-none-eabi/6.3.1/../../../../arm-none-eabi/lib/thumb/v7-m/libc_nano.a(lib_a-exit.o)
_impure_ptr                                       /home/icdu/opt/gcc-arm-none-eabi-6-2017-q2-update/bin/../lib/gcc/arm-none-eabi/6.3.1/../../../../arm-none-eabi/lib/thumb/v7-m/libc_nano.a(lib_a-impure.o)